NCCL Topology Probe for RTX 5090 Test Machine
==============================================
NCCL Version: 0.88.175
Initializing NCCL on 8 GPUs...
jscs-backuppool-5090test-091606:258304:258304 [0] NCCL INFO cudaDriverVersion 13020
jscs-backuppool-5090test-091606:258304:258304 [0] NCCL INFO NCCL version 2.27.3+cuda12.9
jscs-backuppool-5090test-091606:258304:258571 [4] NCCL INFO NET/Plugin: Could not find: libnccl-net.so. 
jscs-backuppool-5090test-091606:258304:258571 [4] NCCL INFO Failed to open libibverbs.so[.1]
jscs-backuppool-5090test-091606:258304:258571 [4] NCCL INFO NET/Socket : Using [0]bond0:10.176.72.18<0>
jscs-backuppool-5090test-091606:258304:258571 [4] NCCL INFO Initialized NET plugin Socket
jscs-backuppool-5090test-091606:258304:258571 [4] NCCL INFO Assigned NET plugin Socket to comm
jscs-backuppool-5090test-091606:258304:258571 [4] NCCL INFO Using network Socket
jscs-backuppool-5090test-091606:258304:258569 [2] NCCL INFO Assigned NET plugin Socket to comm
jscs-backuppool-5090test-091606:258304:258569 [2] NCCL INFO Using network Socket
jscs-backuppool-5090test-091606:258304:258568 [1] NCCL INFO Assigned NET plugin Socket to comm
jscs-backuppool-5090test-091606:258304:258568 [1] NCCL INFO Using network Socket
jscs-backuppool-5090test-091606:258304:258572 [5] NCCL INFO Assigned NET plugin Socket to comm
jscs-backuppool-5090test-091606:258304:258572 [5] NCCL INFO Using network Socket
jscs-backuppool-5090test-091606:258304:258574 [7] NCCL INFO Assigned NET plugin Socket to comm
jscs-backuppool-5090test-091606:258304:258574 [7] NCCL INFO Using network Socket
jscs-backuppool-5090test-091606:258304:258570 [3] NCCL INFO Assigned NET plugin Socket to comm
jscs-backuppool-5090test-091606:258304:258570 [3] NCCL INFO Using network Socket
jscs-backuppool-5090test-091606:258304:258573 [6] NCCL INFO Assigned NET plugin Socket to comm
jscs-backuppool-5090test-091606:258304:258573 [6] NCCL INFO Using network Socket
jscs-backuppool-5090test-091606:258304:258567 [0] NCCL INFO Assigned NET plugin Socket to comm
jscs-backuppool-5090test-091606:258304:258567 [0] NCCL INFO Using network Socket
jscs-backuppool-5090test-091606:258304:258568 [1] NCCL INFO ncclCommInitAll comm 0x55eae16dc4c0 rank 1 nranks 8 cudaDev 1 nvmlDev 1 busId 38000 commId 0x6c20bb3d92e21b5c - Init START
jscs-backuppool-5090test-091606:258304:258569 [2] NCCL INFO ncclCommInitAll comm 0x55eae24dca60 rank 2 nranks 8 cudaDev 2 nvmlDev 2 busId 49000 commId 0x6c20bb3d92e21b5c - Init START
jscs-backuppool-5090test-091606:258304:258571 [4] NCCL INFO ncclCommInitAll comm 0x55eae40fe570 rank 4 nranks 8 cudaDev 4 nvmlDev 4 busId 98000 commId 0x6c20bb3d92e21b5c - Init START
jscs-backuppool-5090test-091606:258304:258567 [0] NCCL INFO ncclCommInitAll comm 0x55eae08e37b0 rank 0 nranks 8 cudaDev 0 nvmlDev 0 busId 27000 commId 0x6c20bb3d92e21b5c - Init START
jscs-backuppool-5090test-091606:258304:258573 [6] NCCL INFO ncclCommInitAll comm 0x55eae5d4b550 rank 6 nranks 8 cudaDev 6 nvmlDev 6 busId b8000 commId 0x6c20bb3d92e21b5c - Init START
jscs-backuppool-5090test-091606:258304:258572 [5] NCCL INFO ncclCommInitAll comm 0x55eae4f1fa30 rank 5 nranks 8 cudaDev 5 nvmlDev 5 busId a8000 commId 0x6c20bb3d92e21b5c - Init START
jscs-backuppool-5090test-091606:258304:258570 [3] NCCL INFO ncclCommInitAll comm 0x55eae32e7d90 rank 3 nranks 8 cudaDev 3 nvmlDev 3 busId 5a000 commId 0x6c20bb3d92e21b5c - Init START
jscs-backuppool-5090test-091606:258304:258574 [7] NCCL INFO ncclCommInitAll comm 0x55eae6b82750 rank 7 nranks 8 cudaDev 7 nvmlDev 7 busId c8000 commId 0x6c20bb3d92e21b5c - Init START
jscs-backuppool-5090test-091606:258304:258568 [1] NCCL INFO RAS client listening socket at 127.0.0.1<28028>
jscs-backuppool-5090test-091606:258304:258574 [7] NCCL INFO TOPO/NET : Importing network plugins to topology
jscs-backuppool-5090test-091606:258304:258574 [7] NCCL INFO Retrieving state for Socket
jscs-backuppool-5090test-091606:258304:258574 [7] NCCL INFO Initialized state 0 for Socket
jscs-backuppool-5090test-091606:258304:258574 [7] NCCL INFO ncclTopoPopulateNics : Filled bond0 in topo with pciPath=(null) keep=1 coll=(null)
jscs-backuppool-5090test-091606:258304:258570 [3] NCCL INFO TOPO/NET : Importing network plugins to topology
jscs-backuppool-5090test-091606:258304:258570 [3] NCCL INFO Retrieving state for Socket
jscs-backuppool-5090test-091606:258304:258570 [3] NCCL INFO ncclTopoPopulateNics : Filled bond0 in topo with pciPath=(null) keep=1 coll=(null)
jscs-backuppool-5090test-091606:258304:258567 [0] NCCL INFO TOPO/NET : Importing network plugins to topology
jscs-backuppool-5090test-091606:258304:258567 [0] NCCL INFO Retrieving state for Socket
jscs-backuppool-5090test-091606:258304:258567 [0] NCCL INFO ncclTopoPopulateNics : Filled bond0 in topo with pciPath=(null) keep=1 coll=(null)
jscs-backuppool-5090test-091606:258304:258568 [1] NCCL INFO TOPO/NET : Importing network plugins to topology
jscs-backuppool-5090test-091606:258304:258568 [1] NCCL INFO Retrieving state for Socket
jscs-backuppool-5090test-091606:258304:258568 [1] NCCL INFO ncclTopoPopulateNics : Filled bond0 in topo with pciPath=(null) keep=1 coll=(null)
jscs-backuppool-5090test-091606:258304:258572 [5] NCCL INFO TOPO/NET : Importing network plugins to topology
jscs-backuppool-5090test-091606:258304:258572 [5] NCCL INFO Retrieving state for Socket
jscs-backuppool-5090test-091606:258304:258572 [5] NCCL INFO ncclTopoPopulateNics : Filled bond0 in topo with pciPath=(null) keep=1 coll=(null)
jscs-backuppool-5090test-091606:258304:258571 [4] NCCL INFO TOPO/NET : Importing network plugins to topology
jscs-backuppool-5090test-091606:258304:258571 [4] NCCL INFO Retrieving state for Socket
jscs-backuppool-5090test-091606:258304:258571 [4] NCCL INFO ncclTopoPopulateNics : Filled bond0 in topo with pciPath=(null) keep=1 coll=(null)
jscs-backuppool-5090test-091606:258304:258573 [6] NCCL INFO TOPO/NET : Importing network plugins to topology
jscs-backuppool-5090test-091606:258304:258573 [6] NCCL INFO Retrieving state for Socket
jscs-backuppool-5090test-091606:258304:258573 [6] NCCL INFO ncclTopoPopulateNics : Filled bond0 in topo with pciPath=(null) keep=1 coll=(null)
jscs-backuppool-5090test-091606:258304:258569 [2] NCCL INFO TOPO/NET : Importing network plugins to topology
jscs-backuppool-5090test-091606:258304:258569 [2] NCCL INFO Retrieving state for Socket
jscs-backuppool-5090test-091606:258304:258569 [2] NCCL INFO ncclTopoPopulateNics : Filled bond0 in topo with pciPath=(null) keep=1 coll=(null)
jscs-backuppool-5090test-091606:258304:258574 [7] NCCL INFO === System : maxBw 48.0 totalBw 48.0 ===
jscs-backuppool-5090test-091606:258304:258574 [7] NCCL INFO CPU/0-0 (1/1/4)
jscs-backuppool-5090test-091606:258304:258574 [7] NCCL INFO + PCI[5000.0] - NIC/0-0
jscs-backuppool-5090test-091606:258304:258574 [7] NCCL INFO + PCI[48.0] - GPU/0-27000 (0)
jscs-backuppool-5090test-091606:258304:258574 [7] NCCL INFO + PCI[48.0] - GPU/0-38000 (1)
jscs-backuppool-5090test-091606:258304:258574 [7] NCCL INFO + SYS[40.0] - CPU/0-1
jscs-backuppool-5090test-091606:258304:258574 [7] NCCL INFO + SYS[40.0] - CPU/0-2
jscs-backuppool-5090test-091606:258304:258574 [7] NCCL INFO + SYS[40.0] - CPU/0-3
jscs-backuppool-5090test-091606:258304:258574 [7] NCCL INFO CPU/0-1 (1/1/4)
jscs-backuppool-5090test-091606:258304:258574 [7] NCCL INFO + PCI[48.0] - GPU/0-49000 (2)
jscs-backuppool-5090test-091606:258304:258574 [7] NCCL INFO + PCI[48.0] - GPU/0-5a000 (3)
jscs-backuppool-5090test-091606:258304:258574 [7] NCCL INFO + SYS[40.0] - CPU/0-0
jscs-backuppool-5090test-091606:258304:258574 [7] NCCL INFO + SYS[40.0] - CPU/0-2
jscs-backuppool-5090test-091606:258304:258574 [7] NCCL INFO + SYS[40.0] - CPU/0-3
jscs-backuppool-5090test-091606:258304:258574 [7] NCCL INFO CPU/0-2 (1/1/4)
jscs-backuppool-5090test-091606:258304:258574 [7] NCCL INFO + PCI[48.0] - GPU/0-98000 (4)
jscs-backuppool-5090test-091606:258304:258574 [7] NCCL INFO + PCI[48.0] - GPU/0-a8000 (5)
jscs-backuppool-5090test-091606:258304:258574 [7] NCCL INFO + PCI[48.0] - GPU/0-b8000 (6)
jscs-backuppool-5090test-091606:258304:258574 [7] NCCL INFO + SYS[40.0] - CPU/0-0
jscs-backuppool-5090test-091606:258304:258574 [7] NCCL INFO + SYS[40.0] - CPU/0-1
jscs-backuppool-5090test-091606:258304:258574 [7] NCCL INFO + SYS[40.0] - CPU/0-3
jscs-backuppool-5090test-091606:258304:258574 [7] NCCL INFO CPU/0-3 (1/1/4)
jscs-backuppool-5090test-091606:258304:258574 [7] NCCL INFO + PCI[48.0] - GPU/0-c8000 (7)
jscs-backuppool-5090test-091606:258304:258574 [7] NCCL INFO + SYS[40.0] - CPU/0-0
jscs-backuppool-5090test-091606:258304:258574 [7] NCCL INFO + SYS[40.0] - CPU/0-1
jscs-backuppool-5090test-091606:258304:258574 [7] NCCL INFO + SYS[40.0] - CPU/0-2
jscs-backuppool-5090test-091606:258304:258574 [7] NCCL INFO ==========================================
jscs-backuppool-5090test-091606:258304:258574 [7] NCCL INFO GPU/0-27000 :GPU/0-27000 (0/5000.0/LOC) GPU/0-38000 (2/48.0/PHB) GPU/0-49000 (3/40.0/SYS) GPU/0-5a000 (3/40.0/SYS) GPU/0-98000 (3/40.0/SYS) GPU/0-a8000 (3/40.0/SYS) GPU/0-b8000 (3/40.0/SYS) GPU/0-c8000 (3/40.0/SYS) CPU/0-0 (1/48.0/PHB) CPU/0-1 (2/40.0/SYS) CPU/0-2 (2/40.0/SYS) CPU/0-3 (2/40.0/SYS) 
jscs-backuppool-5090test-091606:258304:258574 [7] NCCL INFO GPU/0-38000 :GPU/0-27000 (2/48.0/PHB) GPU/0-38000 (0/5000.0/LOC) GPU/0-49000 (3/40.0/SYS) GPU/0-5a000 (3/40.0/SYS) GPU/0-98000 (3/40.0/SYS) GPU/0-a8000 (3/40.0/SYS) GPU/0-b8000 (3/40.0/SYS) GPU/0-c8000 (3/40.0/SYS) CPU/0-0 (1/48.0/PHB) CPU/0-1 (2/40.0/SYS) CPU/0-2 (2/40.0/SYS) CPU/0-3 (2/40.0/SYS) 
jscs-backuppool-5090test-091606:258304:258574 [7] NCCL INFO GPU/0-49000 :GPU/0-27000 (3/40.0/SYS) GPU/0-38000 (3/40.0/SYS) GPU/0-49000 (0/5000.0/LOC) GPU/0-5a000 (2/48.0/PHB) GPU/0-98000 (3/40.0/SYS) GPU/0-a8000 (3/40.0/SYS) GPU/0-b8000 (3/40.0/SYS) GPU/0-c8000 (3/40.0/SYS) CPU/0-0 (2/40.0/SYS) CPU/0-1 (1/48.0/PHB) CPU/0-2 (2/40.0/SYS) CPU/0-3 (2/40.0/SYS) 
jscs-backuppool-5090test-091606:258304:258574 [7] NCCL INFO GPU/0-5a000 :GPU/0-27000 (3/40.0/SYS) GPU/0-38000 (3/40.0/SYS) GPU/0-49000 (2/48.0/PHB) GPU/0-5a000 (0/5000.0/LOC) GPU/0-98000 (3/40.0/SYS) GPU/0-a8000 (3/40.0/SYS) GPU/0-b8000 (3/40.0/SYS) GPU/0-c8000 (3/40.0/SYS) CPU/0-0 (2/40.0/SYS) CPU/0-1 (1/48.0/PHB) CPU/0-2 (2/40.0/SYS) CPU/0-3 (2/40.0/SYS) 
jscs-backuppool-5090test-091606:258304:258574 [7] NCCL INFO GPU/0-98000 :GPU/0-27000 (3/40.0/SYS) GPU/0-38000 (3/40.0/SYS) GPU/0-49000 (3/40.0/SYS) GPU/0-5a000 (3/40.0/SYS) GPU/0-98000 (0/5000.0/LOC) GPU/0-a8000 (2/48.0/PHB) GPU/0-b8000 (2/48.0/PHB) GPU/0-c8000 (3/40.0/SYS) CPU/0-0 (2/40.0/SYS) CPU/0-1 (2/40.0/SYS) CPU/0-2 (1/48.0/PHB) CPU/0-3 (2/40.0/SYS) 
jscs-backuppool-5090test-091606:258304:258574 [7] NCCL INFO GPU/0-a8000 :GPU/0-27000 (3/40.0/SYS) GPU/0-38000 (3/40.0/SYS) GPU/0-49000 (3/40.0/SYS) GPU/0-5a000 (3/40.0/SYS) GPU/0-98000 (2/48.0/PHB) GPU/0-a8000 (0/5000.0/LOC) GPU/0-b8000 (2/48.0/PHB) GPU/0-c8000 (3/40.0/SYS) CPU/0-0 (2/40.0/SYS) CPU/0-1 (2/40.0/SYS) CPU/0-2 (1/48.0/PHB) CPU/0-3 (2/40.0/SYS) 
jscs-backuppool-5090test-091606:258304:258574 [7] NCCL INFO GPU/0-b8000 :GPU/0-27000 (3/40.0/SYS) GPU/0-38000 (3/40.0/SYS) GPU/0-49000 (3/40.0/SYS) GPU/0-5a000 (3/40.0/SYS) GPU/0-98000 (2/48.0/PHB) GPU/0-a8000 (2/48.0/PHB) GPU/0-b8000 (0/5000.0/LOC) GPU/0-c8000 (3/40.0/SYS) CPU/0-0 (2/40.0/SYS) CPU/0-1 (2/40.0/SYS) CPU/0-2 (1/48.0/PHB) CPU/0-3 (2/40.0/SYS) 
jscs-backuppool-5090test-091606:258304:258574 [7] NCCL INFO GPU/0-c8000 :GPU/0-27000 (3/40.0/SYS) GPU/0-38000 (3/40.0/SYS) GPU/0-49000 (3/40.0/SYS) GPU/0-5a000 (3/40.0/SYS) GPU/0-98000 (3/40.0/SYS) GPU/0-a8000 (3/40.0/SYS) GPU/0-b8000 (3/40.0/SYS) GPU/0-c8000 (0/5000.0/LOC) CPU/0-0 (2/40.0/SYS) CPU/0-1 (2/40.0/SYS) CPU/0-2 (2/40.0/SYS) CPU/0-3 (1/48.0/PHB) 
jscs-backuppool-5090test-091606:258304:258574 [7] NCCL INFO Setting affinity for GPU 7 to 72-95,168-191
jscs-backuppool-5090test-091606:258304:258574 [7] NCCL INFO NVLS multicast support is not available on dev 7 (NVLS_NCHANNELS 0)
jscs-backuppool-5090test-091606:258304:258573 [6] NCCL INFO === System : maxBw 48.0 totalBw 48.0 ===
jscs-backuppool-5090test-091606:258304:258573 [6] NCCL INFO CPU/0-0 (1/1/4)
jscs-backuppool-5090test-091606:258304:258573 [6] NCCL INFO + PCI[5000.0] - NIC/0-0
jscs-backuppool-5090test-091606:258304:258573 [6] NCCL INFO + PCI[48.0] - GPU/0-27000 (0)
jscs-backuppool-5090test-091606:258304:258573 [6] NCCL INFO + PCI[48.0] - GPU/0-38000 (1)
jscs-backuppool-5090test-091606:258304:258573 [6] NCCL INFO + SYS[40.0] - CPU/0-1
jscs-backuppool-5090test-091606:258304:258573 [6] NCCL INFO + SYS[40.0] - CPU/0-2
jscs-backuppool-5090test-091606:258304:258573 [6] NCCL INFO + SYS[40.0] - CPU/0-3
jscs-backuppool-5090test-091606:258304:258573 [6] NCCL INFO CPU/0-1 (1/1/4)
jscs-backuppool-5090test-091606:258304:258573 [6] NCCL INFO + PCI[48.0] - GPU/0-49000 (2)
jscs-backuppool-5090test-091606:258304:258573 [6] NCCL INFO + PCI[48.0] - GPU/0-5a000 (3)
jscs-backuppool-5090test-091606:258304:258573 [6] NCCL INFO + SYS[40.0] - CPU/0-0
jscs-backuppool-5090test-091606:258304:258573 [6] NCCL INFO + SYS[40.0] - CPU/0-2
jscs-backuppool-5090test-091606:258304:258573 [6] NCCL INFO + SYS[40.0] - CPU/0-3
jscs-backuppool-5090test-091606:258304:258573 [6] NCCL INFO CPU/0-2 (1/1/4)
jscs-backuppool-5090test-091606:258304:258573 [6] NCCL INFO + PCI[48.0] - GPU/0-98000 (4)
jscs-backuppool-5090test-091606:258304:258573 [6] NCCL INFO + PCI[48.0] - GPU/0-a8000 (5)
jscs-backuppool-5090test-091606:258304:258573 [6] NCCL INFO + PCI[48.0] - GPU/0-b8000 (6)
jscs-backuppool-5090test-091606:258304:258573 [6] NCCL INFO + SYS[40.0] - CPU/0-0
jscs-backuppool-5090test-091606:258304:258573 [6] NCCL INFO + SYS[40.0] - CPU/0-1
jscs-backuppool-5090test-091606:258304:258573 [6] NCCL INFO + SYS[40.0] - CPU/0-3
jscs-backuppool-5090test-091606:258304:258573 [6] NCCL INFO CPU/0-3 (1/1/4)
jscs-backuppool-5090test-091606:258304:258573 [6] NCCL INFO + PCI[48.0] - GPU/0-c8000 (7)
jscs-backuppool-5090test-091606:258304:258573 [6] NCCL INFO + SYS[40.0] - CPU/0-0
jscs-backuppool-5090test-091606:258304:258573 [6] NCCL INFO + SYS[40.0] - CPU/0-1
jscs-backuppool-5090test-091606:258304:258573 [6] NCCL INFO + SYS[40.0] - CPU/0-2
jscs-backuppool-5090test-091606:258304:258573 [6] NCCL INFO ==========================================
jscs-backuppool-5090test-091606:258304:258573 [6] NCCL INFO GPU/0-27000 :GPU/0-27000 (0/5000.0/LOC) GPU/0-38000 (2/48.0/PHB) GPU/0-49000 (3/40.0/SYS) GPU/0-5a000 (3/40.0/SYS) GPU/0-98000 (3/40.0/SYS) GPU/0-a8000 (3/40.0/SYS) GPU/0-b8000 (3/40.0/SYS) GPU/0-c8000 (3/40.0/SYS) CPU/0-0 (1/48.0/PHB) CPU/0-1 (2/40.0/SYS) CPU/0-2 (2/40.0/SYS) CPU/0-3 (2/40.0/SYS) 
jscs-backuppool-5090test-091606:258304:258573 [6] NCCL INFO GPU/0-38000 :GPU/0-27000 (2/48.0/PHB) GPU/0-38000 (0/5000.0/LOC) GPU/0-49000 (3/40.0/SYS) GPU/0-5a000 (3/40.0/SYS) GPU/0-98000 (3/40.0/SYS) GPU/0-a8000 (3/40.0/SYS) GPU/0-b8000 (3/40.0/SYS) GPU/0-c8000 (3/40.0/SYS) CPU/0-0 (1/48.0/PHB) CPU/0-1 (2/40.0/SYS) CPU/0-2 (2/40.0/SYS) CPU/0-3 (2/40.0/SYS) 
jscs-backuppool-5090test-091606:258304:258573 [6] NCCL INFO GPU/0-49000 :GPU/0-27000 (3/40.0/SYS) GPU/0-38000 (3/40.0/SYS) GPU/0-49000 (0/5000.0/LOC) GPU/0-5a000 (2/48.0/PHB) GPU/0-98000 (3/40.0/SYS) GPU/0-a8000 (3/40.0/SYS) GPU/0-b8000 (3/40.0/SYS) GPU/0-c8000 (3/40.0/SYS) CPU/0-0 (2/40.0/SYS) CPU/0-1 (1/48.0/PHB) CPU/0-2 (2/40.0/SYS) CPU/0-3 (2/40.0/SYS) 
jscs-backuppool-5090test-091606:258304:258573 [6] NCCL INFO GPU/0-5a000 :GPU/0-27000 (3/40.0/SYS) GPU/0-38000 (3/40.0/SYS) GPU/0-49000 (2/48.0/PHB) GPU/0-5a000 (0/5000.0/LOC) GPU/0-98000 (3/40.0/SYS) GPU/0-a8000 (3/40.0/SYS) GPU/0-b8000 (3/40.0/SYS) GPU/0-c8000 (3/40.0/SYS) CPU/0-0 (2/40.0/SYS) CPU/0-1 (1/48.0/PHB) CPU/0-2 (2/40.0/SYS) CPU/0-3 (2/40.0/SYS) 
jscs-backuppool-5090test-091606:258304:258573 [6] NCCL INFO GPU/0-98000 :GPU/0-27000 (3/40.0/SYS) GPU/0-38000 (3/40.0/SYS) GPU/0-49000 (3/40.0/SYS) GPU/0-5a000 (3/40.0/SYS) GPU/0-98000 (0/5000.0/LOC) GPU/0-a8000 (2/48.0/PHB) GPU/0-b8000 (2/48.0/PHB) GPU/0-c8000 (3/40.0/SYS) CPU/0-0 (2/40.0/SYS) CPU/0-1 (2/40.0/SYS) CPU/0-2 (1/48.0/PHB) CPU/0-3 (2/40.0/SYS) 
jscs-backuppool-5090test-091606:258304:258573 [6] NCCL INFO GPU/0-a8000 :GPU/0-27000 (3/40.0/SYS) GPU/0-38000 (3/40.0/SYS) GPU/0-49000 (3/40.0/SYS) GPU/0-5a000 (3/40.0/SYS) GPU/0-98000 (2/48.0/PHB) GPU/0-a8000 (0/5000.0/LOC) GPU/0-b8000 (2/48.0/PHB) GPU/0-c8000 (3/40.0/SYS) CPU/0-0 (2/40.0/SYS) CPU/0-1 (2/40.0/SYS) CPU/0-2 (1/48.0/PHB) CPU/0-3 (2/40.0/SYS) 
jscs-backuppool-5090test-091606:258304:258573 [6] NCCL INFO GPU/0-b8000 :GPU/0-27000 (3/40.0/SYS) GPU/0-38000 (3/40.0/SYS) GPU/0-49000 (3/40.0/SYS) GPU/0-5a000 (3/40.0/SYS) GPU/0-98000 (2/48.0/PHB) GPU/0-a8000 (2/48.0/PHB) GPU/0-b8000 (0/5000.0/LOC) GPU/0-c8000 (3/40.0/SYS) CPU/0-0 (2/40.0/SYS) CPU/0-1 (2/40.0/SYS) CPU/0-2 (1/48.0/PHB) CPU/0-3 (2/40.0/SYS) 
jscs-backuppool-5090test-091606:258304:258573 [6] NCCL INFO GPU/0-c8000 :GPU/0-27000 (3/40.0/SYS) GPU/0-38000 (3/40.0/SYS) GPU/0-49000 (3/40.0/SYS) GPU/0-5a000 (3/40.0/SYS) GPU/0-98000 (3/40.0/SYS) GPU/0-a8000 (3/40.0/SYS) GPU/0-b8000 (3/40.0/SYS) GPU/0-c8000 (0/5000.0/LOC) CPU/0-0 (2/40.0/SYS) CPU/0-1 (2/40.0/SYS) CPU/0-2 (2/40.0/SYS) CPU/0-3 (1/48.0/PHB) 
jscs-backuppool-5090test-091606:258304:258573 [6] NCCL INFO Setting affinity for GPU 6 to 48-71,144-167
jscs-backuppool-5090test-091606:258304:258573 [6] NCCL INFO NVLS multicast support is not available on dev 6 (NVLS_NCHANNELS 0)
jscs-backuppool-5090test-091606:258304:258567 [0] NCCL INFO === System : maxBw 48.0 totalBw 48.0 ===
jscs-backuppool-5090test-091606:258304:258567 [0] NCCL INFO CPU/0-0 (1/1/4)
jscs-backuppool-5090test-091606:258304:258567 [0] NCCL INFO + PCI[5000.0] - NIC/0-0
jscs-backuppool-5090test-091606:258304:258567 [0] NCCL INFO + PCI[48.0] - GPU/0-27000 (0)
jscs-backuppool-5090test-091606:258304:258567 [0] NCCL INFO + PCI[48.0] - GPU/0-38000 (1)
jscs-backuppool-5090test-091606:258304:258567 [0] NCCL INFO + SYS[40.0] - CPU/0-1
jscs-backuppool-5090test-091606:258304:258567 [0] NCCL INFO + SYS[40.0] - CPU/0-2
jscs-backuppool-5090test-091606:258304:258567 [0] NCCL INFO + SYS[40.0] - CPU/0-3
jscs-backuppool-5090test-091606:258304:258567 [0] NCCL INFO CPU/0-1 (1/1/4)
jscs-backuppool-5090test-091606:258304:258567 [0] NCCL INFO + PCI[48.0] - GPU/0-49000 (2)
jscs-backuppool-5090test-091606:258304:258567 [0] NCCL INFO + PCI[48.0] - GPU/0-5a000 (3)
jscs-backuppool-5090test-091606:258304:258567 [0] NCCL INFO + SYS[40.0] - CPU/0-0
jscs-backuppool-5090test-091606:258304:258567 [0] NCCL INFO + SYS[40.0] - CPU/0-2
jscs-backuppool-5090test-091606:258304:258567 [0] NCCL INFO + SYS[40.0] - CPU/0-3
jscs-backuppool-5090test-091606:258304:258567 [0] NCCL INFO CPU/0-2 (1/1/4)
jscs-backuppool-5090test-091606:258304:258567 [0] NCCL INFO + PCI[48.0] - GPU/0-98000 (4)
jscs-backuppool-5090test-091606:258304:258567 [0] NCCL INFO + PCI[48.0] - GPU/0-a8000 (5)
jscs-backuppool-5090test-091606:258304:258567 [0] NCCL INFO + PCI[48.0] - GPU/0-b8000 (6)
jscs-backuppool-5090test-091606:258304:258567 [0] NCCL INFO + SYS[40.0] - CPU/0-0
jscs-backuppool-5090test-091606:258304:258567 [0] NCCL INFO + SYS[40.0] - CPU/0-1
jscs-backuppool-5090test-091606:258304:258567 [0] NCCL INFO + SYS[40.0] - CPU/0-3
jscs-backuppool-5090test-091606:258304:258567 [0] NCCL INFO CPU/0-3 (1/1/4)
jscs-backuppool-5090test-091606:258304:258567 [0] NCCL INFO + PCI[48.0] - GPU/0-c8000 (7)
jscs-backuppool-5090test-091606:258304:258567 [0] NCCL INFO + SYS[40.0] - CPU/0-0
jscs-backuppool-5090test-091606:258304:258567 [0] NCCL INFO + SYS[40.0] - CPU/0-1
jscs-backuppool-5090test-091606:258304:258567 [0] NCCL INFO + SYS[40.0] - CPU/0-2
jscs-backuppool-5090test-091606:258304:258567 [0] NCCL INFO ==========================================
jscs-backuppool-5090test-091606:258304:258567 [0] NCCL INFO GPU/0-27000 :GPU/0-27000 (0/5000.0/LOC) GPU/0-38000 (2/48.0/PHB) GPU/0-49000 (3/40.0/SYS) GPU/0-5a000 (3/40.0/SYS) GPU/0-98000 (3/40.0/SYS) GPU/0-a8000 (3/40.0/SYS) GPU/0-b8000 (3/40.0/SYS) GPU/0-c8000 (3/40.0/SYS) CPU/0-0 (1/48.0/PHB) CPU/0-1 (2/40.0/SYS) CPU/0-2 (2/40.0/SYS) CPU/0-3 (2/40.0/SYS) 
jscs-backuppool-5090test-091606:258304:258567 [0] NCCL INFO GPU/0-38000 :GPU/0-27000 (2/48.0/PHB) GPU/0-38000 (0/5000.0/LOC) GPU/0-49000 (3/40.0/SYS) GPU/0-5a000 (3/40.0/SYS) GPU/0-98000 (3/40.0/SYS) GPU/0-a8000 (3/40.0/SYS) GPU/0-b8000 (3/40.0/SYS) GPU/0-c8000 (3/40.0/SYS) CPU/0-0 (1/48.0/PHB) CPU/0-1 (2/40.0/SYS) CPU/0-2 (2/40.0/SYS) CPU/0-3 (2/40.0/SYS) 
jscs-backuppool-5090test-091606:258304:258567 [0] NCCL INFO GPU/0-49000 :GPU/0-27000 (3/40.0/SYS) GPU/0-38000 (3/40.0/SYS) GPU/0-49000 (0/5000.0/LOC) GPU/0-5a000 (2/48.0/PHB) GPU/0-98000 (3/40.0/SYS) GPU/0-a8000 (3/40.0/SYS) GPU/0-b8000 (3/40.0/SYS) GPU/0-c8000 (3/40.0/SYS) CPU/0-0 (2/40.0/SYS) CPU/0-1 (1/48.0/PHB) CPU/0-2 (2/40.0/SYS) CPU/0-3 (2/40.0/SYS) 
jscs-backuppool-5090test-091606:258304:258567 [0] NCCL INFO GPU/0-5a000 :GPU/0-27000 (3/40.0/SYS) GPU/0-38000 (3/40.0/SYS) GPU/0-49000 (2/48.0/PHB) GPU/0-5a000 (0/5000.0/LOC) GPU/0-98000 (3/40.0/SYS) GPU/0-a8000 (3/40.0/SYS) GPU/0-b8000 (3/40.0/SYS) GPU/0-c8000 (3/40.0/SYS) CPU/0-0 (2/40.0/SYS) CPU/0-1 (1/48.0/PHB) CPU/0-2 (2/40.0/SYS) CPU/0-3 (2/40.0/SYS) 
jscs-backuppool-5090test-091606:258304:258567 [0] NCCL INFO GPU/0-98000 :GPU/0-27000 (3/40.0/SYS) GPU/0-38000 (3/40.0/SYS) GPU/0-49000 (3/40.0/SYS) GPU/0-5a000 (3/40.0/SYS) GPU/0-98000 (0/5000.0/LOC) GPU/0-a8000 (2/48.0/PHB) GPU/0-b8000 (2/48.0/PHB) GPU/0-c8000 (3/40.0/SYS) CPU/0-0 (2/40.0/SYS) CPU/0-1 (2/40.0/SYS) CPU/0-2 (1/48.0/PHB) CPU/0-3 (2/40.0/SYS) 
jscs-backuppool-5090test-091606:258304:258567 [0] NCCL INFO GPU/0-a8000 :GPU/0-27000 (3/40.0/SYS) GPU/0-38000 (3/40.0/SYS) GPU/0-49000 (3/40.0/SYS) GPU/0-5a000 (3/40.0/SYS) GPU/0-98000 (2/48.0/PHB) GPU/0-a8000 (0/5000.0/LOC) GPU/0-b8000 (2/48.0/PHB) GPU/0-c8000 (3/40.0/SYS) CPU/0-0 (2/40.0/SYS) CPU/0-1 (2/40.0/SYS) CPU/0-2 (1/48.0/PHB) CPU/0-3 (2/40.0/SYS) 
jscs-backuppool-5090test-091606:258304:258567 [0] NCCL INFO GPU/0-b8000 :GPU/0-27000 (3/40.0/SYS) GPU/0-38000 (3/40.0/SYS) GPU/0-49000 (3/40.0/SYS) GPU/0-5a000 (3/40.0/SYS) GPU/0-98000 (2/48.0/PHB) GPU/0-a8000 (2/48.0/PHB) GPU/0-b8000 (0/5000.0/LOC) GPU/0-c8000 (3/40.0/SYS) CPU/0-0 (2/40.0/SYS) CPU/0-1 (2/40.0/SYS) CPU/0-2 (1/48.0/PHB) CPU/0-3 (2/40.0/SYS) 
jscs-backuppool-5090test-091606:258304:258567 [0] NCCL INFO GPU/0-c8000 :GPU/0-27000 (3/40.0/SYS) GPU/0-38000 (3/40.0/SYS) GPU/0-49000 (3/40.0/SYS) GPU/0-5a000 (3/40.0/SYS) GPU/0-98000 (3/40.0/SYS) GPU/0-a8000 (3/40.0/SYS) GPU/0-b8000 (3/40.0/SYS) GPU/0-c8000 (0/5000.0/LOC) CPU/0-0 (2/40.0/SYS) CPU/0-1 (2/40.0/SYS) CPU/0-2 (2/40.0/SYS) CPU/0-3 (1/48.0/PHB) 
jscs-backuppool-5090test-091606:258304:258567 [0] NCCL INFO Setting affinity for GPU 0 to 0-23,96-119
jscs-backuppool-5090test-091606:258304:258567 [0] NCCL INFO NVLS multicast support is not available on dev 0 (NVLS_NCHANNELS 0)
jscs-backuppool-5090test-091606:258304:258571 [4] NCCL INFO === System : maxBw 48.0 totalBw 48.0 ===
jscs-backuppool-5090test-091606:258304:258571 [4] NCCL INFO CPU/0-0 (1/1/4)
jscs-backuppool-5090test-091606:258304:258571 [4] NCCL INFO + PCI[5000.0] - NIC/0-0
jscs-backuppool-5090test-091606:258304:258571 [4] NCCL INFO + PCI[48.0] - GPU/0-27000 (0)
jscs-backuppool-5090test-091606:258304:258571 [4] NCCL INFO + PCI[48.0] - GPU/0-38000 (1)
jscs-backuppool-5090test-091606:258304:258571 [4] NCCL INFO + SYS[40.0] - CPU/0-1
jscs-backuppool-5090test-091606:258304:258571 [4] NCCL INFO + SYS[40.0] - CPU/0-2
jscs-backuppool-5090test-091606:258304:258571 [4] NCCL INFO + SYS[40.0] - CPU/0-3
jscs-backuppool-5090test-091606:258304:258571 [4] NCCL INFO CPU/0-1 (1/1/4)
jscs-backuppool-5090test-091606:258304:258571 [4] NCCL INFO + PCI[48.0] - GPU/0-49000 (2)
jscs-backuppool-5090test-091606:258304:258571 [4] NCCL INFO + PCI[48.0] - GPU/0-5a000 (3)
jscs-backuppool-5090test-091606:258304:258571 [4] NCCL INFO + SYS[40.0] - CPU/0-0
jscs-backuppool-5090test-091606:258304:258571 [4] NCCL INFO + SYS[40.0] - CPU/0-2
jscs-backuppool-5090test-091606:258304:258571 [4] NCCL INFO + SYS[40.0] - CPU/0-3
jscs-backuppool-5090test-091606:258304:258571 [4] NCCL INFO CPU/0-2 (1/1/4)
jscs-backuppool-5090test-091606:258304:258571 [4] NCCL INFO + PCI[48.0] - GPU/0-98000 (4)
jscs-backuppool-5090test-091606:258304:258571 [4] NCCL INFO + PCI[48.0] - GPU/0-a8000 (5)
jscs-backuppool-5090test-091606:258304:258571 [4] NCCL INFO + PCI[48.0] - GPU/0-b8000 (6)
jscs-backuppool-5090test-091606:258304:258571 [4] NCCL INFO + SYS[40.0] - CPU/0-0
jscs-backuppool-5090test-091606:258304:258571 [4] NCCL INFO + SYS[40.0] - CPU/0-1
jscs-backuppool-5090test-091606:258304:258571 [4] NCCL INFO + SYS[40.0] - CPU/0-3
jscs-backuppool-5090test-091606:258304:258571 [4] NCCL INFO CPU/0-3 (1/1/4)
jscs-backuppool-5090test-091606:258304:258571 [4] NCCL INFO + PCI[48.0] - GPU/0-c8000 (7)
jscs-backuppool-5090test-091606:258304:258571 [4] NCCL INFO + SYS[40.0] - CPU/0-0
jscs-backuppool-5090test-091606:258304:258569 [2] NCCL INFO === System : maxBw 48.0 totalBw 48.0 ===
jscs-backuppool-5090test-091606:258304:258569 [2] NCCL INFO CPU/0-0 (1/1/4)
jscs-backuppool-5090test-091606:258304:258569 [2] NCCL INFO + PCI[5000.0] - NIC/0-0
jscs-backuppool-5090test-091606:258304:258571 [4] NCCL INFO + SYS[40.0] - CPU/0-1
jscs-backuppool-5090test-091606:258304:258569 [2] NCCL INFO + PCI[48.0] - GPU/0-27000 (0)
jscs-backuppool-5090test-091606:258304:258571 [4] NCCL INFO + SYS[40.0] - CPU/0-2
jscs-backuppool-5090test-091606:258304:258569 [2] NCCL INFO + PCI[48.0] - GPU/0-38000 (1)
jscs-backuppool-5090test-091606:258304:258569 [2] NCCL INFO + SYS[40.0] - CPU/0-1
jscs-backuppool-5090test-091606:258304:258571 [4] NCCL INFO ==========================================
jscs-backuppool-5090test-091606:258304:258569 [2] NCCL INFO + SYS[40.0] - CPU/0-2
jscs-backuppool-5090test-091606:258304:258569 [2] NCCL INFO + SYS[40.0] - CPU/0-3
jscs-backuppool-5090test-091606:258304:258569 [2] NCCL INFO CPU/0-1 (1/1/4)
jscs-backuppool-5090test-091606:258304:258569 [2] NCCL INFO + PCI[48.0] - GPU/0-49000 (2)
jscs-backuppool-5090test-091606:258304:258571 [4] NCCL INFO GPU/0-27000 :GPU/0-27000 (0/5000.0/LOC) GPU/0-38000 (2/48.0/PHB) GPU/0-49000 (3/40.0/SYS) GPU/0-5a000 (3/40.0/SYS) GPU/0-98000 (3/40.0/SYS) GPU/0-a8000 (3/40.0/SYS) GPU/0-b8000 (3/40.0/SYS) GPU/0-c8000 (3/40.0/SYS) CPU/0-0 (1/48.0/PHB) CPU/0-1 (2/40.0/SYS) CPU/0-2 (2/40.0/SYS) CPU/0-3 (2/40.0/SYS) 
jscs-backuppool-5090test-091606:258304:258569 [2] NCCL INFO + PCI[48.0] - GPU/0-5a000 (3)
jscs-backuppool-5090test-091606:258304:258569 [2] NCCL INFO + SYS[40.0] - CPU/0-0
jscs-backuppool-5090test-091606:258304:258569 [2] NCCL INFO + SYS[40.0] - CPU/0-2
jscs-backuppool-5090test-091606:258304:258569 [2] NCCL INFO + SYS[40.0] - CPU/0-3
jscs-backuppool-5090test-091606:258304:258569 [2] NCCL INFO CPU/0-2 (1/1/4)
jscs-backuppool-5090test-091606:258304:258569 [2] NCCL INFO + PCI[48.0] - GPU/0-98000 (4)
jscs-backuppool-5090test-091606:258304:258569 [2] NCCL INFO + PCI[48.0] - GPU/0-a8000 (5)
jscs-backuppool-5090test-091606:258304:258569 [2] NCCL INFO + PCI[48.0] - GPU/0-b8000 (6)
jscs-backuppool-5090test-091606:258304:258571 [4] NCCL INFO GPU/0-38000 :GPU/0-27000 (2/48.0/PHB) GPU/0-38000 (0/5000.0/LOC) GPU/0-49000 (3/40.0/SYS) GPU/0-5a000 (3/40.0/SYS) GPU/0-98000 (3/40.0/SYS) GPU/0-a8000 (3/40.0/SYS) GPU/0-b8000 (3/40.0/SYS) GPU/0-c8000 (3/40.0/SYS) CPU/0-0 (1/48.0/PHB) CPU/0-1 (2/40.0/SYS) CPU/0-2 (2/40.0/SYS) CPU/0-3 (2/40.0/SYS) 
jscs-backuppool-5090test-091606:258304:258569 [2] NCCL INFO + SYS[40.0] - CPU/0-0
jscs-backuppool-5090test-091606:258304:258569 [2] NCCL INFO + SYS[40.0] - CPU/0-1
jscs-backuppool-5090test-091606:258304:258569 [2] NCCL INFO + SYS[40.0] - CPU/0-3
jscs-backuppool-5090test-091606:258304:258571 [4] NCCL INFO GPU/0-49000 :GPU/0-27000 (3/40.0/SYS) GPU/0-38000 (3/40.0/SYS) GPU/0-49000 (0/5000.0/LOC) GPU/0-5a000 (2/48.0/PHB) GPU/0-98000 (3/40.0/SYS) GPU/0-a8000 (3/40.0/SYS) GPU/0-b8000 (3/40.0/SYS) GPU/0-c8000 (3/40.0/SYS) CPU/0-0 (2/40.0/SYS) CPU/0-1 (1/48.0/PHB) CPU/0-2 (2/40.0/SYS) CPU/0-3 (2/40.0/SYS) 
jscs-backuppool-5090test-091606:258304:258569 [2] NCCL INFO CPU/0-3 (1/1/4)
jscs-backuppool-5090test-091606:258304:258571 [4] NCCL INFO GPU/0-5a000 :GPU/0-27000 (3/40.0/SYS) GPU/0-38000 (3/40.0/SYS) GPU/0-49000 (2/48.0/PHB) GPU/0-5a000 (0/5000.0/LOC) GPU/0-98000 (3/40.0/SYS) GPU/0-a8000 (3/40.0/SYS) GPU/0-b8000 (3/40.0/SYS) GPU/0-c8000 (3/40.0/SYS) CPU/0-0 (2/40.0/SYS) CPU/0-1 (1/48.0/PHB) CPU/0-2 (2/40.0/SYS) CPU/0-3 (2/40.0/SYS) 
jscs-backuppool-5090test-091606:258304:258569 [2] NCCL INFO + PCI[48.0] - GPU/0-c8000 (7)
jscs-backuppool-5090test-091606:258304:258569 [2] NCCL INFO + SYS[40.0] - CPU/0-0
jscs-backuppool-5090test-091606:258304:258569 [2] NCCL INFO + SYS[40.0] - CPU/0-1
jscs-backuppool-5090test-091606:258304:258569 [2] NCCL INFO + SYS[40.0] - CPU/0-2
jscs-backuppool-5090test-091606:258304:258569 [2] NCCL INFO ==========================================
jscs-backuppool-5090test-091606:258304:258571 [4] NCCL INFO GPU/0-98000 :GPU/0-27000 (3/40.0/SYS) GPU/0-38000 (3/40.0/SYS) GPU/0-49000 (3/40.0/SYS) GPU/0-5a000 (3/40.0/SYS) GPU/0-98000 (0/5000.0/LOC) GPU/0-a8000 (2/48.0/PHB) GPU/0-b8000 (2/48.0/PHB) GPU/0-c8000 (3/40.0/SYS) CPU/0-0 (2/40.0/SYS) CPU/0-1 (2/40.0/SYS) CPU/0-2 (1/48.0/PHB) CPU/0-3 (2/40.0/SYS) 
jscs-backuppool-5090test-091606:258304:258569 [2] NCCL INFO GPU/0-27000 :GPU/0-27000 (0/5000.0/LOC) GPU/0-38000 (2/48.0/PHB) GPU/0-49000 (3/40.0/SYS) GPU/0-5a000 (3/40.0/SYS) GPU/0-98000 (3/40.0/SYS) GPU/0-a8000 (3/40.0/SYS) GPU/0-b8000 (3/40.0/SYS) GPU/0-c8000 (3/40.0/SYS) CPU/0-0 (1/48.0/PHB) CPU/0-1 (2/40.0/SYS) CPU/0-2 (2/40.0/SYS) CPU/0-3 (2/40.0/SYS) 
jscs-backuppool-5090test-091606:258304:258571 [4] NCCL INFO GPU/0-a8000 :GPU/0-27000 (3/40.0/SYS) GPU/0-38000 (3/40.0/SYS) GPU/0-49000 (3/40.0/SYS) GPU/0-5a000 (3/40.0/SYS) GPU/0-98000 (2/48.0/PHB) GPU/0-a8000 (0/5000.0/LOC) GPU/0-b8000 (2/48.0/PHB) GPU/0-c8000 (3/40.0/SYS) CPU/0-0 (2/40.0/SYS) CPU/0-1 (2/40.0/SYS) CPU/0-2 (1/48.0/PHB) CPU/0-3 (2/40.0/SYS) 
jscs-backuppool-5090test-091606:258304:258571 [4] NCCL INFO GPU/0-b8000 :GPU/0-27000 (3/40.0/SYS) GPU/0-38000 (3/40.0/SYS) GPU/0-49000 (3/40.0/SYS) GPU/0-5a000 (3/40.0/SYS) GPU/0-98000 (2/48.0/PHB) GPU/0-a8000 (2/48.0/PHB) GPU/0-b8000 (0/5000.0/LOC) GPU/0-c8000 (3/40.0/SYS) CPU/0-0 (2/40.0/SYS) CPU/0-1 (2/40.0/SYS) CPU/0-2 (1/48.0/PHB) CPU/0-3 (2/40.0/SYS) 
jscs-backuppool-5090test-091606:258304:258569 [2] NCCL INFO GPU/0-38000 :GPU/0-27000 (2/48.0/PHB) GPU/0-38000 (0/5000.0/LOC) GPU/0-49000 (3/40.0/SYS) GPU/0-5a000 (3/40.0/SYS) GPU/0-98000 (3/40.0/SYS) GPU/0-a8000 (3/40.0/SYS) GPU/0-b8000 (3/40.0/SYS) GPU/0-c8000 (3/40.0/SYS) CPU/0-0 (1/48.0/PHB) CPU/0-1 (2/40.0/SYS) CPU/0-2 (2/40.0/SYS) CPU/0-3 (2/40.0/SYS) 
jscs-backuppool-5090test-091606:258304:258571 [4] NCCL INFO GPU/0-c8000 :GPU/0-27000 (3/40.0/SYS) GPU/0-38000 (3/40.0/SYS) GPU/0-49000 (3/40.0/SYS) GPU/0-5a000 (3/40.0/SYS) GPU/0-98000 (3/40.0/SYS) GPU/0-a8000 (3/40.0/SYS) GPU/0-b8000 (3/40.0/SYS) GPU/0-c8000 (0/5000.0/LOC) CPU/0-0 (2/40.0/SYS) CPU/0-1 (2/40.0/SYS) CPU/0-2 (2/40.0/SYS) CPU/0-3 (1/48.0/PHB) 
jscs-backuppool-5090test-091606:258304:258571 [4] NCCL INFO Setting affinity for GPU 4 to 48-71,144-167
jscs-backuppool-5090test-091606:258304:258572 [5] NCCL INFO === System : maxBw 48.0 totalBw 48.0 ===
jscs-backuppool-5090test-091606:258304:258572 [5] NCCL INFO CPU/0-0 (1/1/4)
jscs-backuppool-5090test-091606:258304:258569 [2] NCCL INFO GPU/0-49000 :GPU/0-27000 (3/40.0/SYS) GPU/0-38000 (3/40.0/SYS) GPU/0-49000 (0/5000.0/LOC) GPU/0-5a000 (2/48.0/PHB) GPU/0-98000 (3/40.0/SYS) GPU/0-a8000 (3/40.0/SYS) GPU/0-b8000 (3/40.0/SYS) GPU/0-c8000 (3/40.0/SYS) CPU/0-0 (2/40.0/SYS) CPU/0-1 (1/48.0/PHB) CPU/0-2 (2/40.0/SYS) CPU/0-3 (2/40.0/SYS) 
jscs-backuppool-5090test-091606:258304:258572 [5] NCCL INFO + PCI[5000.0] - NIC/0-0
jscs-backuppool-5090test-091606:258304:258572 [5] NCCL INFO + PCI[48.0] - GPU/0-27000 (0)
jscs-backuppool-5090test-091606:258304:258572 [5] NCCL INFO + PCI[48.0] - GPU/0-38000 (1)
jscs-backuppool-5090test-091606:258304:258572 [5] NCCL INFO + SYS[40.0] - CPU/0-1
jscs-backuppool-5090test-091606:258304:258572 [5] NCCL INFO + SYS[40.0] - CPU/0-2
jscs-backuppool-5090test-091606:258304:258569 [2] NCCL INFO GPU/0-5a000 :GPU/0-27000 (3/40.0/SYS) GPU/0-38000 (3/40.0/SYS) GPU/0-49000 (2/48.0/PHB) GPU/0-5a000 (0/5000.0/LOC) GPU/0-98000 (3/40.0/SYS) GPU/0-a8000 (3/40.0/SYS) GPU/0-b8000 (3/40.0/SYS) GPU/0-c8000 (3/40.0/SYS) CPU/0-0 (2/40.0/SYS) CPU/0-1 (1/48.0/PHB) CPU/0-2 (2/40.0/SYS) CPU/0-3 (2/40.0/SYS) 
jscs-backuppool-5090test-091606:258304:258572 [5] NCCL INFO + SYS[40.0] - CPU/0-3
jscs-backuppool-5090test-091606:258304:258569 [2] NCCL INFO GPU/0-98000 :GPU/0-27000 (3/40.0/SYS) GPU/0-38000 (3/40.0/SYS) GPU/0-49000 (3/40.0/SYS) GPU/0-5a000 (3/40.0/SYS) GPU/0-98000 (0/5000.0/LOC) GPU/0-a8000 (2/48.0/PHB) GPU/0-b8000 (2/48.0/PHB) GPU/0-c8000 (3/40.0/SYS) CPU/0-0 (2/40.0/SYS) CPU/0-1 (2/40.0/SYS) CPU/0-2 (1/48.0/PHB) CPU/0-3 (2/40.0/SYS) 
jscs-backuppool-5090test-091606:258304:258572 [5] NCCL INFO CPU/0-1 (1/1/4)
jscs-backuppool-5090test-091606:258304:258572 [5] NCCL INFO + PCI[48.0] - GPU/0-49000 (2)
jscs-backuppool-5090test-091606:258304:258572 [5] NCCL INFO + PCI[48.0] - GPU/0-5a000 (3)
jscs-backuppool-5090test-091606:258304:258572 [5] NCCL INFO + SYS[40.0] - CPU/0-0
jscs-backuppool-5090test-091606:258304:258572 [5] NCCL INFO + SYS[40.0] - CPU/0-2
jscs-backuppool-5090test-091606:258304:258572 [5] NCCL INFO + SYS[40.0] - CPU/0-3
jscs-backuppool-5090test-091606:258304:258572 [5] NCCL INFO CPU/0-2 (1/1/4)
jscs-backuppool-5090test-091606:258304:258572 [5] NCCL INFO + PCI[48.0] - GPU/0-98000 (4)
jscs-backuppool-5090test-091606:258304:258572 [5] NCCL INFO + PCI[48.0] - GPU/0-a8000 (5)
jscs-backuppool-5090test-091606:258304:258572 [5] NCCL INFO + PCI[48.0] - GPU/0-b8000 (6)
jscs-backuppool-5090test-091606:258304:258572 [5] NCCL INFO + SYS[40.0] - CPU/0-0
jscs-backuppool-5090test-091606:258304:258572 [5] NCCL INFO + SYS[40.0] - CPU/0-1
jscs-backuppool-5090test-091606:258304:258569 [2] NCCL INFO GPU/0-a8000 :GPU/0-27000 (3/40.0/SYS) GPU/0-38000 (3/40.0/SYS) GPU/0-49000 (3/40.0/SYS) GPU/0-5a000 (3/40.0/SYS) GPU/0-98000 (2/48.0/PHB) GPU/0-a8000 (0/5000.0/LOC) GPU/0-b8000 (2/48.0/PHB) GPU/0-c8000 (3/40.0/SYS) CPU/0-0 (2/40.0/SYS) CPU/0-1 (2/40.0/SYS) CPU/0-2 (1/48.0/PHB) CPU/0-3 (2/40.0/SYS) 
jscs-backuppool-5090test-091606:258304:258572 [5] NCCL INFO + SYS[40.0] - CPU/0-3
jscs-backuppool-5090test-091606:258304:258572 [5] NCCL INFO CPU/0-3 (1/1/4)
jscs-backuppool-5090test-091606:258304:258572 [5] NCCL INFO + PCI[48.0] - GPU/0-c8000 (7)
jscs-backuppool-5090test-091606:258304:258572 [5] NCCL INFO + SYS[40.0] - CPU/0-0
jscs-backuppool-5090test-091606:258304:258569 [2] NCCL INFO GPU/0-b8000 :GPU/0-27000 (3/40.0/SYS) GPU/0-38000 (3/40.0/SYS) GPU/0-49000 (3/40.0/SYS) GPU/0-5a000 (3/40.0/SYS) GPU/0-98000 (2/48.0/PHB) GPU/0-a8000 (2/48.0/PHB) GPU/0-b8000 (0/5000.0/LOC) GPU/0-c8000 (3/40.0/SYS) CPU/0-0 (2/40.0/SYS) CPU/0-1 (2/40.0/SYS) CPU/0-2 (1/48.0/PHB) CPU/0-3 (2/40.0/SYS) 
jscs-backuppool-5090test-091606:258304:258572 [5] NCCL INFO + SYS[40.0] - CPU/0-1
jscs-backuppool-5090test-091606:258304:258572 [5] NCCL INFO + SYS[40.0] - CPU/0-2
jscs-backuppool-5090test-091606:258304:258572 [5] NCCL INFO ==========================================
jscs-backuppool-5090test-091606:258304:258569 [2] NCCL INFO GPU/0-c8000 :GPU/0-27000 (3/40.0/SYS) GPU/0-38000 (3/40.0/SYS) GPU/0-49000 (3/40.0/SYS) GPU/0-5a000 (3/40.0/SYS) GPU/0-98000 (3/40.0/SYS) GPU/0-a8000 (3/40.0/SYS) GPU/0-b8000 (3/40.0/SYS) GPU/0-c8000 (0/5000.0/LOC) CPU/0-0 (2/40.0/SYS) CPU/0-1 (2/40.0/SYS) CPU/0-2 (2/40.0/SYS) CPU/0-3 (1/48.0/PHB) 
jscs-backuppool-5090test-091606:258304:258569 [2] NCCL INFO Setting affinity for GPU 2 to 24-47,120-143
jscs-backuppool-5090test-091606:258304:258572 [5] NCCL INFO GPU/0-27000 :GPU/0-27000 (0/5000.0/LOC) GPU/0-38000 (2/48.0/PHB) GPU/0-49000 (3/40.0/SYS) GPU/0-5a000 (3/40.0/SYS) GPU/0-98000 (3/40.0/SYS) GPU/0-a8000 (3/40.0/SYS) GPU/0-b8000 (3/40.0/SYS) GPU/0-c8000 (3/40.0/SYS) CPU/0-0 (1/48.0/PHB) CPU/0-1 (2/40.0/SYS) CPU/0-2 (2/40.0/SYS) CPU/0-3 (2/40.0/SYS) 
jscs-backuppool-5090test-091606:258304:258572 [5] NCCL INFO GPU/0-38000 :GPU/0-27000 (2/48.0/PHB) GPU/0-38000 (0/5000.0/LOC) GPU/0-49000 (3/40.0/SYS) GPU/0-5a000 (3/40.0/SYS) GPU/0-98000 (3/40.0/SYS) GPU/0-a8000 (3/40.0/SYS) GPU/0-b8000 (3/40.0/SYS) GPU/0-c8000 (3/40.0/SYS) CPU/0-0 (1/48.0/PHB) CPU/0-1 (2/40.0/SYS) CPU/0-2 (2/40.0/SYS) CPU/0-3 (2/40.0/SYS) 
jscs-backuppool-5090test-091606:258304:258572 [5] NCCL INFO GPU/0-49000 :GPU/0-27000 (3/40.0/SYS) GPU/0-38000 (3/40.0/SYS) GPU/0-49000 (0/5000.0/LOC) GPU/0-5a000 (2/48.0/PHB) GPU/0-98000 (3/40.0/SYS) GPU/0-a8000 (3/40.0/SYS) GPU/0-b8000 (3/40.0/SYS) GPU/0-c8000 (3/40.0/SYS) CPU/0-0 (2/40.0/SYS) CPU/0-1 (1/48.0/PHB) CPU/0-2 (2/40.0/SYS) CPU/0-3 (2/40.0/SYS) 
jscs-backuppool-5090test-091606:258304:258572 [5] NCCL INFO GPU/0-5a000 :GPU/0-27000 (3/40.0/SYS) GPU/0-38000 (3/40.0/SYS) GPU/0-49000 (2/48.0/PHB) GPU/0-5a000 (0/5000.0/LOC) GPU/0-98000 (3/40.0/SYS) GPU/0-a8000 (3/40.0/SYS) GPU/0-b8000 (3/40.0/SYS) GPU/0-c8000 (3/40.0/SYS) CPU/0-0 (2/40.0/SYS) CPU/0-1 (1/48.0/PHB) CPU/0-2 (2/40.0/SYS) CPU/0-3 (2/40.0/SYS) 
jscs-backuppool-5090test-091606:258304:258572 [5] NCCL INFO GPU/0-98000 :GPU/0-27000 (3/40.0/SYS) GPU/0-38000 (3/40.0/SYS) GPU/0-49000 (3/40.0/SYS) GPU/0-5a000 (3/40.0/SYS) GPU/0-98000 (0/5000.0/LOC) GPU/0-a8000 (2/48.0/PHB) GPU/0-b8000 (2/48.0/PHB) GPU/0-c8000 (3/40.0/SYS) CPU/0-0 (2/40.0/SYS) CPU/0-1 (2/40.0/SYS) CPU/0-2 (1/48.0/PHB) CPU/0-3 (2/40.0/SYS) 
jscs-backuppool-5090test-091606:258304:258572 [5] NCCL INFO GPU/0-a8000 :GPU/0-27000 (3/40.0/SYS) GPU/0-38000 (3/40.0/SYS) GPU/0-49000 (3/40.0/SYS) GPU/0-5a000 (3/40.0/SYS) GPU/0-98000 (2/48.0/PHB) GPU/0-a8000 (0/5000.0/LOC) GPU/0-b8000 (2/48.0/PHB) GPU/0-c8000 (3/40.0/SYS) CPU/0-0 (2/40.0/SYS) CPU/0-1 (2/40.0/SYS) CPU/0-2 (1/48.0/PHB) CPU/0-3 (2/40.0/SYS) 
jscs-backuppool-5090test-091606:258304:258572 [5] NCCL INFO GPU/0-b8000 :GPU/0-27000 (3/40.0/SYS) GPU/0-38000 (3/40.0/SYS) GPU/0-49000 (3/40.0/SYS) GPU/0-5a000 (3/40.0/SYS) GPU/0-98000 (2/48.0/PHB) GPU/0-a8000 (2/48.0/PHB) GPU/0-b8000 (0/5000.0/LOC) GPU/0-c8000 (3/40.0/SYS) CPU/0-0 (2/40.0/SYS) CPU/0-1 (2/40.0/SYS) CPU/0-2 (1/48.0/PHB) CPU/0-3 (2/40.0/SYS) 
jscs-backuppool-5090test-091606:258304:258572 [5] NCCL INFO GPU/0-c8000 :GPU/0-27000 (3/40.0/SYS) GPU/0-38000 (3/40.0/SYS) GPU/0-49000 (3/40.0/SYS) GPU/0-5a000 (3/40.0/SYS) GPU/0-98000 (3/40.0/SYS) GPU/0-a8000 (3/40.0/SYS) GPU/0-b8000 (3/40.0/SYS) GPU/0-c8000 (0/5000.0/LOC) CPU/0-0 (2/40.0/SYS) CPU/0-1 (2/40.0/SYS) CPU/0-2 (2/40.0/SYS) CPU/0-3 (1/48.0/PHB) 
jscs-backuppool-5090test-091606:258304:258572 [5] NCCL INFO Setting affinity for GPU 5 to 48-71,144-167
jscs-backuppool-5090test-091606:258304:258569 [2] NCCL INFO NVLS multicast support is not available on dev 2 (NVLS_NCHANNELS 0)
jscs-backuppool-5090test-091606:258304:258570 [3] NCCL INFO === System : maxBw 48.0 totalBw 48.0 ===
jscs-backuppool-5090test-091606:258304:258570 [3] NCCL INFO CPU/0-0 (1/1/4)
jscs-backuppool-5090test-091606:258304:258570 [3] NCCL INFO + PCI[5000.0] - NIC/0-0
jscs-backuppool-5090test-091606:258304:258570 [3] NCCL INFO + PCI[48.0] - GPU/0-27000 (0)
jscs-backuppool-5090test-091606:258304:258570 [3] NCCL INFO + PCI[48.0] - GPU/0-38000 (1)
jscs-backuppool-5090test-091606:258304:258570 [3] NCCL INFO + SYS[40.0] - CPU/0-1
jscs-backuppool-5090test-091606:258304:258570 [3] NCCL INFO + SYS[40.0] - CPU/0-2
jscs-backuppool-5090test-091606:258304:258570 [3] NCCL INFO + SYS[40.0] - CPU/0-3
jscs-backuppool-5090test-091606:258304:258570 [3] NCCL INFO CPU/0-1 (1/1/4)
jscs-backuppool-5090test-091606:258304:258570 [3] NCCL INFO + PCI[48.0] - GPU/0-49000 (2)
jscs-backuppool-5090test-091606:258304:258570 [3] NCCL INFO + PCI[48.0] - GPU/0-5a000 (3)
jscs-backuppool-5090test-091606:258304:258570 [3] NCCL INFO + SYS[40.0] - CPU/0-0
jscs-backuppool-5090test-091606:258304:258570 [3] NCCL INFO + SYS[40.0] - CPU/0-2
jscs-backuppool-5090test-091606:258304:258570 [3] NCCL INFO + SYS[40.0] - CPU/0-3
jscs-backuppool-5090test-091606:258304:258570 [3] NCCL INFO CPU/0-2 (1/1/4)
jscs-backuppool-5090test-091606:258304:258570 [3] NCCL INFO + PCI[48.0] - GPU/0-98000 (4)
jscs-backuppool-5090test-091606:258304:258570 [3] NCCL INFO + PCI[48.0] - GPU/0-a8000 (5)
jscs-backuppool-5090test-091606:258304:258570 [3] NCCL INFO + PCI[48.0] - GPU/0-b8000 (6)
jscs-backuppool-5090test-091606:258304:258570 [3] NCCL INFO + SYS[40.0] - CPU/0-0
jscs-backuppool-5090test-091606:258304:258570 [3] NCCL INFO + SYS[40.0] - CPU/0-1
jscs-backuppool-5090test-091606:258304:258570 [3] NCCL INFO + SYS[40.0] - CPU/0-3
jscs-backuppool-5090test-091606:258304:258570 [3] NCCL INFO CPU/0-3 (1/1/4)
jscs-backuppool-5090test-091606:258304:258570 [3] NCCL INFO + PCI[48.0] - GPU/0-c8000 (7)
jscs-backuppool-5090test-091606:258304:258570 [3] NCCL INFO + SYS[40.0] - CPU/0-0
jscs-backuppool-5090test-091606:258304:258570 [3] NCCL INFO + SYS[40.0] - CPU/0-1
jscs-backuppool-5090test-091606:258304:258570 [3] NCCL INFO + SYS[40.0] - CPU/0-2
jscs-backuppool-5090test-091606:258304:258570 [3] NCCL INFO ==========================================
jscs-backuppool-5090test-091606:258304:258570 [3] NCCL INFO GPU/0-27000 :GPU/0-27000 (0/5000.0/LOC) GPU/0-38000 (2/48.0/PHB) GPU/0-49000 (3/40.0/SYS) GPU/0-5a000 (3/40.0/SYS) GPU/0-98000 (3/40.0/SYS) GPU/0-a8000 (3/40.0/SYS) GPU/0-b8000 (3/40.0/SYS) GPU/0-c8000 (3/40.0/SYS) CPU/0-0 (1/48.0/PHB) CPU/0-1 (2/40.0/SYS) CPU/0-2 (2/40.0/SYS) CPU/0-3 (2/40.0/SYS) 
jscs-backuppool-5090test-091606:258304:258570 [3] NCCL INFO GPU/0-38000 :GPU/0-27000 (2/48.0/PHB) GPU/0-38000 (0/5000.0/LOC) GPU/0-49000 (3/40.0/SYS) GPU/0-5a000 (3/40.0/SYS) GPU/0-98000 (3/40.0/SYS) GPU/0-a8000 (3/40.0/SYS) GPU/0-b8000 (3/40.0/SYS) GPU/0-c8000 (3/40.0/SYS) CPU/0-0 (1/48.0/PHB) CPU/0-1 (2/40.0/SYS) CPU/0-2 (2/40.0/SYS) CPU/0-3 (2/40.0/SYS) 
jscs-backuppool-5090test-091606:258304:258570 [3] NCCL INFO GPU/0-49000 :GPU/0-27000 (3/40.0/SYS) GPU/0-38000 (3/40.0/SYS) GPU/0-49000 (0/5000.0/LOC) GPU/0-5a000 (2/48.0/PHB) GPU/0-98000 (3/40.0/SYS) GPU/0-a8000 (3/40.0/SYS) GPU/0-b8000 (3/40.0/SYS) GPU/0-c8000 (3/40.0/SYS) CPU/0-0 (2/40.0/SYS) CPU/0-1 (1/48.0/PHB) CPU/0-2 (2/40.0/SYS) CPU/0-3 (2/40.0/SYS) 
jscs-backuppool-5090test-091606:258304:258570 [3] NCCL INFO GPU/0-5a000 :GPU/0-27000 (3/40.0/SYS) GPU/0-38000 (3/40.0/SYS) GPU/0-49000 (2/48.0/PHB) GPU/0-5a000 (0/5000.0/LOC) GPU/0-98000 (3/40.0/SYS) GPU/0-a8000 (3/40.0/SYS) GPU/0-b8000 (3/40.0/SYS) GPU/0-c8000 (3/40.0/SYS) CPU/0-0 (2/40.0/SYS) CPU/0-1 (1/48.0/PHB) CPU/0-2 (2/40.0/SYS) CPU/0-3 (2/40.0/SYS) 
jscs-backuppool-5090test-091606:258304:258570 [3] NCCL INFO GPU/0-98000 :GPU/0-27000 (3/40.0/SYS) GPU/0-38000 (3/40.0/SYS) GPU/0-49000 (3/40.0/SYS) GPU/0-5a000 (3/40.0/SYS) GPU/0-98000 (0/5000.0/LOC) GPU/0-a8000 (2/48.0/PHB) GPU/0-b8000 (2/48.0/PHB) GPU/0-c8000 (3/40.0/SYS) CPU/0-0 (2/40.0/SYS) CPU/0-1 (2/40.0/SYS) CPU/0-2 (1/48.0/PHB) CPU/0-3 (2/40.0/SYS) 
jscs-backuppool-5090test-091606:258304:258570 [3] NCCL INFO GPU/0-a8000 :GPU/0-27000 (3/40.0/SYS) GPU/0-38000 (3/40.0/SYS) GPU/0-49000 (3/40.0/SYS) GPU/0-5a000 (3/40.0/SYS) GPU/0-98000 (2/48.0/PHB) GPU/0-a8000 (0/5000.0/LOC) GPU/0-b8000 (2/48.0/PHB) GPU/0-c8000 (3/40.0/SYS) CPU/0-0 (2/40.0/SYS) CPU/0-1 (2/40.0/SYS) CPU/0-2 (1/48.0/PHB) CPU/0-3 (2/40.0/SYS) 
jscs-backuppool-5090test-091606:258304:258570 [3] NCCL INFO GPU/0-b8000 :GPU/0-27000 (3/40.0/SYS) GPU/0-38000 (3/40.0/SYS) GPU/0-49000 (3/40.0/SYS) GPU/0-5a000 (3/40.0/SYS) GPU/0-98000 (2/48.0/PHB) GPU/0-a8000 (2/48.0/PHB) GPU/0-b8000 (0/5000.0/LOC) GPU/0-c8000 (3/40.0/SYS) CPU/0-0 (2/40.0/SYS) CPU/0-1 (2/40.0/SYS) CPU/0-2 (1/48.0/PHB) CPU/0-3 (2/40.0/SYS) 
jscs-backuppool-5090test-091606:258304:258570 [3] NCCL INFO GPU/0-c8000 :GPU/0-27000 (3/40.0/SYS) GPU/0-38000 (3/40.0/SYS) GPU/0-49000 (3/40.0/SYS) GPU/0-5a000 (3/40.0/SYS) GPU/0-98000 (3/40.0/SYS) GPU/0-a8000 (3/40.0/SYS) GPU/0-b8000 (3/40.0/SYS) GPU/0-c8000 (0/5000.0/LOC) CPU/0-0 (2/40.0/SYS) CPU/0-1 (2/40.0/SYS) CPU/0-2 (2/40.0/SYS) CPU/0-3 (1/48.0/PHB) 
jscs-backuppool-5090test-091606:258304:258570 [3] NCCL INFO Setting affinity for GPU 3 to 24-47,120-143
jscs-backuppool-5090test-091606:258304:258572 [5] NCCL INFO NVLS multicast support is not available on dev 5 (NVLS_NCHANNELS 0)
jscs-backuppool-5090test-091606:258304:258568 [1] NCCL INFO === System : maxBw 48.0 totalBw 48.0 ===
jscs-backuppool-5090test-091606:258304:258568 [1] NCCL INFO CPU/0-0 (1/1/4)
jscs-backuppool-5090test-091606:258304:258568 [1] NCCL INFO + PCI[5000.0] - NIC/0-0
jscs-backuppool-5090test-091606:258304:258568 [1] NCCL INFO + PCI[48.0] - GPU/0-27000 (0)
jscs-backuppool-5090test-091606:258304:258568 [1] NCCL INFO + PCI[48.0] - GPU/0-38000 (1)
jscs-backuppool-5090test-091606:258304:258568 [1] NCCL INFO + SYS[40.0] - CPU/0-1
jscs-backuppool-5090test-091606:258304:258568 [1] NCCL INFO + SYS[40.0] - CPU/0-2
jscs-backuppool-5090test-091606:258304:258568 [1] NCCL INFO + SYS[40.0] - CPU/0-3
jscs-backuppool-5090test-091606:258304:258568 [1] NCCL INFO CPU/0-1 (1/1/4)
jscs-backuppool-5090test-091606:258304:258568 [1] NCCL INFO + PCI[48.0] - GPU/0-49000 (2)
jscs-backuppool-5090test-091606:258304:258568 [1] NCCL INFO + PCI[48.0] - GPU/0-5a000 (3)
jscs-backuppool-5090test-091606:258304:258568 [1] NCCL INFO + SYS[40.0] - CPU/0-0
jscs-backuppool-5090test-091606:258304:258568 [1] NCCL INFO + SYS[40.0] - CPU/0-2
jscs-backuppool-5090test-091606:258304:258568 [1] NCCL INFO + SYS[40.0] - CPU/0-3
jscs-backuppool-5090test-091606:258304:258568 [1] NCCL INFO CPU/0-2 (1/1/4)
jscs-backuppool-5090test-091606:258304:258568 [1] NCCL INFO + PCI[48.0] - GPU/0-98000 (4)
jscs-backuppool-5090test-091606:258304:258568 [1] NCCL INFO + PCI[48.0] - GPU/0-a8000 (5)
jscs-backuppool-5090test-091606:258304:258568 [1] NCCL INFO + PCI[48.0] - GPU/0-b8000 (6)
jscs-backuppool-5090test-091606:258304:258568 [1] NCCL INFO + SYS[40.0] - CPU/0-0
jscs-backuppool-5090test-091606:258304:258568 [1] NCCL INFO + SYS[40.0] - CPU/0-1
jscs-backuppool-5090test-091606:258304:258568 [1] NCCL INFO + SYS[40.0] - CPU/0-3
jscs-backuppool-5090test-091606:258304:258568 [1] NCCL INFO CPU/0-3 (1/1/4)
jscs-backuppool-5090test-091606:258304:258568 [1] NCCL INFO + PCI[48.0] - GPU/0-c8000 (7)
jscs-backuppool-5090test-091606:258304:258568 [1] NCCL INFO + SYS[40.0] - CPU/0-0
jscs-backuppool-5090test-091606:258304:258568 [1] NCCL INFO + SYS[40.0] - CPU/0-1
jscs-backuppool-5090test-091606:258304:258568 [1] NCCL INFO + SYS[40.0] - CPU/0-2
jscs-backuppool-5090test-091606:258304:258568 [1] NCCL INFO ==========================================
jscs-backuppool-5090test-091606:258304:258568 [1] NCCL INFO GPU/0-27000 :GPU/0-27000 (0/5000.0/LOC) GPU/0-38000 (2/48.0/PHB) GPU/0-49000 (3/40.0/SYS) GPU/0-5a000 (3/40.0/SYS) GPU/0-98000 (3/40.0/SYS) GPU/0-a8000 (3/40.0/SYS) GPU/0-b8000 (3/40.0/SYS) GPU/0-c8000 (3/40.0/SYS) CPU/0-0 (1/48.0/PHB) CPU/0-1 (2/40.0/SYS) CPU/0-2 (2/40.0/SYS) CPU/0-3 (2/40.0/SYS) 
jscs-backuppool-5090test-091606:258304:258568 [1] NCCL INFO GPU/0-38000 :GPU/0-27000 (2/48.0/PHB) GPU/0-38000 (0/5000.0/LOC) GPU/0-49000 (3/40.0/SYS) GPU/0-5a000 (3/40.0/SYS) GPU/0-98000 (3/40.0/SYS) GPU/0-a8000 (3/40.0/SYS) GPU/0-b8000 (3/40.0/SYS) GPU/0-c8000 (3/40.0/SYS) CPU/0-0 (1/48.0/PHB) CPU/0-1 (2/40.0/SYS) CPU/0-2 (2/40.0/SYS) CPU/0-3 (2/40.0/SYS) 
jscs-backuppool-5090test-091606:258304:258568 [1] NCCL INFO GPU/0-49000 :GPU/0-27000 (3/40.0/SYS) GPU/0-38000 (3/40.0/SYS) GPU/0-49000 (0/5000.0/LOC) GPU/0-5a000 (2/48.0/PHB) GPU/0-98000 (3/40.0/SYS) GPU/0-a8000 (3/40.0/SYS) GPU/0-b8000 (3/40.0/SYS) GPU/0-c8000 (3/40.0/SYS) CPU/0-0 (2/40.0/SYS) CPU/0-1 (1/48.0/PHB) CPU/0-2 (2/40.0/SYS) CPU/0-3 (2/40.0/SYS) 
jscs-backuppool-5090test-091606:258304:258568 [1] NCCL INFO GPU/0-5a000 :GPU/0-27000 (3/40.0/SYS) GPU/0-38000 (3/40.0/SYS) GPU/0-49000 (2/48.0/PHB) GPU/0-5a000 (0/5000.0/LOC) GPU/0-98000 (3/40.0/SYS) GPU/0-a8000 (3/40.0/SYS) GPU/0-b8000 (3/40.0/SYS) GPU/0-c8000 (3/40.0/SYS) CPU/0-0 (2/40.0/SYS) CPU/0-1 (1/48.0/PHB) CPU/0-2 (2/40.0/SYS) CPU/0-3 (2/40.0/SYS) 
jscs-backuppool-5090test-091606:258304:258568 [1] NCCL INFO GPU/0-98000 :GPU/0-27000 (3/40.0/SYS) GPU/0-38000 (3/40.0/SYS) GPU/0-49000 (3/40.0/SYS) GPU/0-5a000 (3/40.0/SYS) GPU/0-98000 (0/5000.0/LOC) GPU/0-a8000 (2/48.0/PHB) GPU/0-b8000 (2/48.0/PHB) GPU/0-c8000 (3/40.0/SYS) CPU/0-0 (2/40.0/SYS) CPU/0-1 (2/40.0/SYS) CPU/0-2 (1/48.0/PHB) CPU/0-3 (2/40.0/SYS) 
jscs-backuppool-5090test-091606:258304:258568 [1] NCCL INFO GPU/0-a8000 :GPU/0-27000 (3/40.0/SYS) GPU/0-38000 (3/40.0/SYS) GPU/0-49000 (3/40.0/SYS) GPU/0-5a000 (3/40.0/SYS) GPU/0-98000 (2/48.0/PHB) GPU/0-a8000 (0/5000.0/LOC) GPU/0-b8000 (2/48.0/PHB) GPU/0-c8000 (3/40.0/SYS) CPU/0-0 (2/40.0/SYS) CPU/0-1 (2/40.0/SYS) CPU/0-2 (1/48.0/PHB) CPU/0-3 (2/40.0/SYS) 
jscs-backuppool-5090test-091606:258304:258568 [1] NCCL INFO GPU/0-b8000 :GPU/0-27000 (3/40.0/SYS) GPU/0-38000 (3/40.0/SYS) GPU/0-49000 (3/40.0/SYS) GPU/0-5a000 (3/40.0/SYS) GPU/0-98000 (2/48.0/PHB) GPU/0-a8000 (2/48.0/PHB) GPU/0-b8000 (0/5000.0/LOC) GPU/0-c8000 (3/40.0/SYS) CPU/0-0 (2/40.0/SYS) CPU/0-1 (2/40.0/SYS) CPU/0-2 (1/48.0/PHB) CPU/0-3 (2/40.0/SYS) 
jscs-backuppool-5090test-091606:258304:258568 [1] NCCL INFO GPU/0-c8000 :GPU/0-27000 (3/40.0/SYS) GPU/0-38000 (3/40.0/SYS) GPU/0-49000 (3/40.0/SYS) GPU/0-5a000 (3/40.0/SYS) GPU/0-98000 (3/40.0/SYS) GPU/0-a8000 (3/40.0/SYS) GPU/0-b8000 (3/40.0/SYS) GPU/0-c8000 (0/5000.0/LOC) CPU/0-0 (2/40.0/SYS) CPU/0-1 (2/40.0/SYS) CPU/0-2 (2/40.0/SYS) CPU/0-3 (1/48.0/PHB) 
jscs-backuppool-5090test-091606:258304:258568 [1] NCCL INFO Setting affinity for GPU 1 to 0-23,96-119
jscs-backuppool-5090test-091606:258304:258571 [4] NCCL INFO NVLS multicast support is not available on dev 4 (NVLS_NCHANNELS 0)
jscs-backuppool-5090test-091606:258304:258568 [1] NCCL INFO NVLS multicast support is not available on dev 1 (NVLS_NCHANNELS 0)
jscs-backuppool-5090test-091606:258304:258570 [3] NCCL INFO NVLS multicast support is not available on dev 3 (NVLS_NCHANNELS 0)
jscs-backuppool-5090test-091606:258304:258574 [7] NCCL INFO Pattern 4, crossNic 0, nChannels 2, bw 20.000000/20.000000, type SYS/PIX, sameChannels 1
jscs-backuppool-5090test-091606:258304:258574 [7] NCCL INFO  0 : GPU/0 GPU/1 GPU/2 GPU/3 GPU/4 GPU/5 GPU/6 GPU/7
jscs-backuppool-5090test-091606:258304:258574 [7] NCCL INFO  1 : GPU/0 GPU/1 GPU/2 GPU/3 GPU/4 GPU/5 GPU/6 GPU/7
jscs-backuppool-5090test-091606:258304:258567 [0] NCCL INFO Pattern 4, crossNic 0, nChannels 2, bw 20.000000/20.000000, type SYS/PIX, sameChannels 1
jscs-backuppool-5090test-091606:258304:258567 [0] NCCL INFO  0 : GPU/0 GPU/1 GPU/2 GPU/3 GPU/4 GPU/5 GPU/6 GPU/7
jscs-backuppool-5090test-091606:258304:258567 [0] NCCL INFO  1 : GPU/0 GPU/1 GPU/2 GPU/3 GPU/4 GPU/5 GPU/6 GPU/7
jscs-backuppool-5090test-091606:258304:258572 [5] NCCL INFO Pattern 4, crossNic 0, nChannels 2, bw 20.000000/20.000000, type SYS/PIX, sameChannels 1
jscs-backuppool-5090test-091606:258304:258572 [5] NCCL INFO  0 : GPU/0 GPU/1 GPU/2 GPU/3 GPU/4 GPU/5 GPU/6 GPU/7
jscs-backuppool-5090test-091606:258304:258572 [5] NCCL INFO  1 : GPU/0 GPU/1 GPU/2 GPU/3 GPU/4 GPU/5 GPU/6 GPU/7
jscs-backuppool-5090test-091606:258304:258571 [4] NCCL INFO Pattern 4, crossNic 0, nChannels 2, bw 20.000000/20.000000, type SYS/PIX, sameChannels 1
jscs-backuppool-5090test-091606:258304:258571 [4] NCCL INFO  0 : GPU/0 GPU/1 GPU/2 GPU/3 GPU/4 GPU/5 GPU/6 GPU/7
jscs-backuppool-5090test-091606:258304:258571 [4] NCCL INFO  1 : GPU/0 GPU/1 GPU/2 GPU/3 GPU/4 GPU/5 GPU/6 GPU/7
jscs-backuppool-5090test-091606:258304:258568 [1] NCCL INFO Pattern 4, crossNic 0, nChannels 2, bw 20.000000/20.000000, type SYS/PIX, sameChannels 1
jscs-backuppool-5090test-091606:258304:258568 [1] NCCL INFO  0 : GPU/0 GPU/1 GPU/2 GPU/3 GPU/4 GPU/5 GPU/6 GPU/7
jscs-backuppool-5090test-091606:258304:258568 [1] NCCL INFO  1 : GPU/0 GPU/1 GPU/2 GPU/3 GPU/4 GPU/5 GPU/6 GPU/7
jscs-backuppool-5090test-091606:258304:258574 [7] NCCL INFO Pattern 1, crossNic 0, nChannels 2, bw 20.000000/20.000000, type SYS/PIX, sameChannels 1
jscs-backuppool-5090test-091606:258304:258574 [7] NCCL INFO  0 : GPU/0 GPU/1 GPU/2 GPU/3 GPU/4 GPU/5 GPU/6 GPU/7
jscs-backuppool-5090test-091606:258304:258574 [7] NCCL INFO  1 : GPU/0 GPU/1 GPU/2 GPU/3 GPU/4 GPU/5 GPU/6 GPU/7
jscs-backuppool-5090test-091606:258304:258573 [6] NCCL INFO Pattern 4, crossNic 0, nChannels 2, bw 20.000000/20.000000, type SYS/PIX, sameChannels 1
jscs-backuppool-5090test-091606:258304:258573 [6] NCCL INFO  0 : GPU/0 GPU/1 GPU/2 GPU/3 GPU/4 GPU/5 GPU/6 GPU/7
jscs-backuppool-5090test-091606:258304:258573 [6] NCCL INFO  1 : GPU/0 GPU/1 GPU/2 GPU/3 GPU/4 GPU/5 GPU/6 GPU/7
jscs-backuppool-5090test-091606:258304:258569 [2] NCCL INFO Pattern 4, crossNic 0, nChannels 2, bw 20.000000/20.000000, type SYS/PIX, sameChannels 1
jscs-backuppool-5090test-091606:258304:258569 [2] NCCL INFO  0 : GPU/0 GPU/1 GPU/2 GPU/3 GPU/4 GPU/5 GPU/6 GPU/7
jscs-backuppool-5090test-091606:258304:258569 [2] NCCL INFO  1 : GPU/0 GPU/1 GPU/2 GPU/3 GPU/4 GPU/5 GPU/6 GPU/7
jscs-backuppool-5090test-091606:258304:258567 [0] NCCL INFO Pattern 1, crossNic 0, nChannels 2, bw 20.000000/20.000000, type SYS/PIX, sameChannels 1
jscs-backuppool-5090test-091606:258304:258567 [0] NCCL INFO  0 : GPU/0 GPU/1 GPU/2 GPU/3 GPU/4 GPU/5 GPU/6 GPU/7
jscs-backuppool-5090test-091606:258304:258567 [0] NCCL INFO  1 : GPU/0 GPU/1 GPU/2 GPU/3 GPU/4 GPU/5 GPU/6 GPU/7
jscs-backuppool-5090test-091606:258304:258572 [5] NCCL INFO Pattern 1, crossNic 0, nChannels 2, bw 20.000000/20.000000, type SYS/PIX, sameChannels 1
jscs-backuppool-5090test-091606:258304:258572 [5] NCCL INFO  0 : GPU/0 GPU/1 GPU/2 GPU/3 GPU/4 GPU/5 GPU/6 GPU/7
jscs-backuppool-5090test-091606:258304:258572 [5] NCCL INFO  1 : GPU/0 GPU/1 GPU/2 GPU/3 GPU/4 GPU/5 GPU/6 GPU/7
jscs-backuppool-5090test-091606:258304:258571 [4] NCCL INFO Pattern 1, crossNic 0, nChannels 2, bw 20.000000/20.000000, type SYS/PIX, sameChannels 1
jscs-backuppool-5090test-091606:258304:258571 [4] NCCL INFO  0 : GPU/0 GPU/1 GPU/2 GPU/3 GPU/4 GPU/5 GPU/6 GPU/7
jscs-backuppool-5090test-091606:258304:258571 [4] NCCL INFO  1 : GPU/0 GPU/1 GPU/2 GPU/3 GPU/4 GPU/5 GPU/6 GPU/7
jscs-backuppool-5090test-091606:258304:258568 [1] NCCL INFO Pattern 1, crossNic 0, nChannels 2, bw 20.000000/20.000000, type SYS/PIX, sameChannels 1
jscs-backuppool-5090test-091606:258304:258568 [1] NCCL INFO  0 : GPU/0 GPU/1 GPU/2 GPU/3 GPU/4 GPU/5 GPU/6 GPU/7
jscs-backuppool-5090test-091606:258304:258568 [1] NCCL INFO  1 : GPU/0 GPU/1 GPU/2 GPU/3 GPU/4 GPU/5 GPU/6 GPU/7
jscs-backuppool-5090test-091606:258304:258570 [3] NCCL INFO Pattern 4, crossNic 0, nChannels 2, bw 20.000000/20.000000, type SYS/PIX, sameChannels 1
jscs-backuppool-5090test-091606:258304:258570 [3] NCCL INFO  0 : GPU/0 GPU/1 GPU/2 GPU/3 GPU/4 GPU/5 GPU/6 GPU/7
jscs-backuppool-5090test-091606:258304:258570 [3] NCCL INFO  1 : GPU/0 GPU/1 GPU/2 GPU/3 GPU/4 GPU/5 GPU/6 GPU/7
jscs-backuppool-5090test-091606:258304:258573 [6] NCCL INFO Pattern 1, crossNic 0, nChannels 2, bw 20.000000/20.000000, type SYS/PIX, sameChannels 1
jscs-backuppool-5090test-091606:258304:258573 [6] NCCL INFO  0 : GPU/0 GPU/1 GPU/2 GPU/3 GPU/4 GPU/5 GPU/6 GPU/7
jscs-backuppool-5090test-091606:258304:258573 [6] NCCL INFO  1 : GPU/0 GPU/1 GPU/2 GPU/3 GPU/4 GPU/5 GPU/6 GPU/7
jscs-backuppool-5090test-091606:258304:258569 [2] NCCL INFO Pattern 1, crossNic 0, nChannels 2, bw 20.000000/20.000000, type SYS/PIX, sameChannels 1
jscs-backuppool-5090test-091606:258304:258569 [2] NCCL INFO  0 : GPU/0 GPU/1 GPU/2 GPU/3 GPU/4 GPU/5 GPU/6 GPU/7
jscs-backuppool-5090test-091606:258304:258569 [2] NCCL INFO  1 : GPU/0 GPU/1 GPU/2 GPU/3 GPU/4 GPU/5 GPU/6 GPU/7
jscs-backuppool-5090test-091606:258304:258570 [3] NCCL INFO Pattern 1, crossNic 0, nChannels 2, bw 20.000000/20.000000, type SYS/PIX, sameChannels 1
jscs-backuppool-5090test-091606:258304:258570 [3] NCCL INFO  0 : GPU/0 GPU/1 GPU/2 GPU/3 GPU/4 GPU/5 GPU/6 GPU/7
jscs-backuppool-5090test-091606:258304:258570 [3] NCCL INFO  1 : GPU/0 GPU/1 GPU/2 GPU/3 GPU/4 GPU/5 GPU/6 GPU/7
jscs-backuppool-5090test-091606:258304:258568 [1] NCCL INFO comm 0x55eae16dc4c0 rank 1 nRanks 8 nNodes 1 localRanks 8 localRank 1 MNNVL 0
jscs-backuppool-5090test-091606:258304:258567 [0] NCCL INFO comm 0x55eae08e37b0 rank 0 nRanks 8 nNodes 1 localRanks 8 localRank 0 MNNVL 0
jscs-backuppool-5090test-091606:258304:258572 [5] NCCL INFO comm 0x55eae4f1fa30 rank 5 nRanks 8 nNodes 1 localRanks 8 localRank 5 MNNVL 0
jscs-backuppool-5090test-091606:258304:258573 [6] NCCL INFO comm 0x55eae5d4b550 rank 6 nRanks 8 nNodes 1 localRanks 8 localRank 6 MNNVL 0
jscs-backuppool-5090test-091606:258304:258574 [7] NCCL INFO comm 0x55eae6b82750 rank 7 nRanks 8 nNodes 1 localRanks 8 localRank 7 MNNVL 0
jscs-backuppool-5090test-091606:258304:258571 [4] NCCL INFO comm 0x55eae40fe570 rank 4 nRanks 8 nNodes 1 localRanks 8 localRank 4 MNNVL 0
jscs-backuppool-5090test-091606:258304:258569 [2] NCCL INFO comm 0x55eae24dca60 rank 2 nRanks 8 nNodes 1 localRanks 8 localRank 2 MNNVL 0
jscs-backuppool-5090test-091606:258304:258567 [0] NCCL INFO Tree 0 : -1 -> 0 -> 1/-1/-1
jscs-backuppool-5090test-091606:258304:258567 [0] NCCL INFO Tree 2 : -1 -> 0 -> 1/-1/-1
jscs-backuppool-5090test-091606:258304:258572 [5] NCCL INFO Ring 00 : 4 -> 5 -> 6
jscs-backuppool-5090test-091606:258304:258568 [1] NCCL INFO Tree 0 : 0 -> 1 -> 2/-1/-1
jscs-backuppool-5090test-091606:258304:258572 [5] NCCL INFO Ring 01 : 4 -> 5 -> 6
jscs-backuppool-5090test-091606:258304:258572 [5] NCCL INFO Ring 02 : 4 -> 5 -> 6
jscs-backuppool-5090test-091606:258304:258571 [4] NCCL INFO Ring 00 : 3 -> 4 -> 5
jscs-backuppool-5090test-091606:258304:258574 [7] NCCL INFO Ring 00 : 6 -> 7 -> 0
jscs-backuppool-5090test-091606:258304:258574 [7] NCCL INFO Ring 01 : 6 -> 7 -> 0
jscs-backuppool-5090test-091606:258304:258574 [7] NCCL INFO Ring 02 : 6 -> 7 -> 0
jscs-backuppool-5090test-091606:258304:258574 [7] NCCL INFO Ring 03 : 6 -> 7 -> 0
jscs-backuppool-5090test-091606:258304:258574 [7] NCCL INFO Trees [0] -1/-1/-1->7->6 [1] -1/-1/-1->7->6 [2] -1/-1/-1->7->6 [3] -1/-1/-1->7->6
jscs-backuppool-5090test-091606:258304:258574 [7] NCCL INFO P2P Chunksize set to 131072
jscs-backuppool-5090test-091606:258304:258570 [3] NCCL INFO comm 0x55eae32e7d90 rank 3 nRanks 8 nNodes 1 localRanks 8 localRank 3 MNNVL 0
jscs-backuppool-5090test-091606:258304:258572 [5] NCCL INFO Ring 03 : 4 -> 5 -> 6
jscs-backuppool-5090test-091606:258304:258572 [5] NCCL INFO Trees [0] 6/-1/-1->5->4 [1] 6/-1/-1->5->4 [2] 6/-1/-1->5->4 [3] 6/-1/-1->5->4
jscs-backuppool-5090test-091606:258304:258572 [5] NCCL INFO P2P Chunksize set to 131072
jscs-backuppool-5090test-091606:258304:258568 [1] NCCL INFO Tree 2 : 0 -> 1 -> 2/-1/-1
jscs-backuppool-5090test-091606:258304:258568 [1] NCCL INFO Tree 1 : 0 -> 1 -> 2/-1/-1
jscs-backuppool-5090test-091606:258304:258570 [3] NCCL INFO Ring 00 : 2 -> 3 -> 4
jscs-backuppool-5090test-091606:258304:258568 [1] NCCL INFO Tree 3 : 0 -> 1 -> 2/-1/-1
jscs-backuppool-5090test-091606:258304:258569 [2] NCCL INFO Ring 00 : 1 -> 2 -> 3
jscs-backuppool-5090test-091606:258304:258571 [4] NCCL INFO Ring 01 : 3 -> 4 -> 5
jscs-backuppool-5090test-091606:258304:258570 [3] NCCL INFO Ring 01 : 2 -> 3 -> 4
jscs-backuppool-5090test-091606:258304:258573 [6] NCCL INFO Ring 00 : 5 -> 6 -> 7
jscs-backuppool-5090test-091606:258304:258569 [2] NCCL INFO Ring 01 : 1 -> 2 -> 3
jscs-backuppool-5090test-091606:258304:258567 [0] NCCL INFO Tree 1 : -1 -> 0 -> 1/-1/-1
jscs-backuppool-5090test-091606:258304:258573 [6] NCCL INFO Ring 01 : 5 -> 6 -> 7
jscs-backuppool-5090test-091606:258304:258567 [0] NCCL INFO Tree 3 : -1 -> 0 -> 1/-1/-1
jscs-backuppool-5090test-091606:258304:258568 [1] NCCL INFO Ring 00 : 0 -> 1 -> 2
jscs-backuppool-5090test-091606:258304:258571 [4] NCCL INFO Ring 02 : 3 -> 4 -> 5
jscs-backuppool-5090test-091606:258304:258567 [0] NCCL INFO Channel 00/04 : 0 1 2 3 4 5 6 7
jscs-backuppool-5090test-091606:258304:258568 [1] NCCL INFO Ring 01 : 0 -> 1 -> 2
jscs-backuppool-5090test-091606:258304:258569 [2] NCCL INFO Ring 02 : 1 -> 2 -> 3
jscs-backuppool-5090test-091606:258304:258567 [0] NCCL INFO Channel 01/04 : 0 1 2 3 4 5 6 7
jscs-backuppool-5090test-091606:258304:258569 [2] NCCL INFO Ring 03 : 1 -> 2 -> 3
jscs-backuppool-5090test-091606:258304:258570 [3] NCCL INFO Ring 02 : 2 -> 3 -> 4
jscs-backuppool-5090test-091606:258304:258571 [4] NCCL INFO Ring 03 : 3 -> 4 -> 5
jscs-backuppool-5090test-091606:258304:258567 [0] NCCL INFO Channel 02/04 : 0 1 2 3 4 5 6 7
jscs-backuppool-5090test-091606:258304:258570 [3] NCCL INFO Ring 03 : 2 -> 3 -> 4
jscs-backuppool-5090test-091606:258304:258573 [6] NCCL INFO Ring 02 : 5 -> 6 -> 7
jscs-backuppool-5090test-091606:258304:258571 [4] NCCL INFO Trees [0] 5/-1/-1->4->3 [1] 5/-1/-1->4->3 [2] 5/-1/-1->4->3 [3] 5/-1/-1->4->3
jscs-backuppool-5090test-091606:258304:258569 [2] NCCL INFO Trees [0] 3/-1/-1->2->1 [1] 3/-1/-1->2->1 [2] 3/-1/-1->2->1 [3] 3/-1/-1->2->1
jscs-backuppool-5090test-091606:258304:258573 [6] NCCL INFO Ring 03 : 5 -> 6 -> 7
jscs-backuppool-5090test-091606:258304:258567 [0] NCCL INFO Channel 03/04 : 0 1 2 3 4 5 6 7
jscs-backuppool-5090test-091606:258304:258568 [1] NCCL INFO Ring 02 : 0 -> 1 -> 2
jscs-backuppool-5090test-091606:258304:258573 [6] NCCL INFO Trees [0] 7/-1/-1->6->5 [1] 7/-1/-1->6->5 [2] 7/-1/-1->6->5 [3] 7/-1/-1->6->5
jscs-backuppool-5090test-091606:258304:258568 [1] NCCL INFO Ring 03 : 0 -> 1 -> 2
jscs-backuppool-5090test-091606:258304:258567 [0] NCCL INFO Ring 00 : 7 -> 0 -> 1
jscs-backuppool-5090test-091606:258304:258571 [4] NCCL INFO P2P Chunksize set to 131072
jscs-backuppool-5090test-091606:258304:258574 [7] NCCL INFO PROFILER/Plugin: Could not find: libnccl-profiler.so. 
jscs-backuppool-5090test-091606:258304:258567 [0] NCCL INFO Ring 01 : 7 -> 0 -> 1
jscs-backuppool-5090test-091606:258304:258570 [3] NCCL INFO Trees [0] 4/-1/-1->3->2 [1] 4/-1/-1->3->2 [2] 4/-1/-1->3->2 [3] 4/-1/-1->3->2
jscs-backuppool-5090test-091606:258304:258567 [0] NCCL INFO Ring 02 : 7 -> 0 -> 1
jscs-backuppool-5090test-091606:258304:258567 [0] NCCL INFO Ring 03 : 7 -> 0 -> 1
jscs-backuppool-5090test-091606:258304:258567 [0] NCCL INFO Trees [0] 1/-1/-1->0->-1 [1] 1/-1/-1->0->-1 [2] 1/-1/-1->0->-1 [3] 1/-1/-1->0->-1
jscs-backuppool-5090test-091606:258304:258569 [2] NCCL INFO P2P Chunksize set to 131072
jscs-backuppool-5090test-091606:258304:258568 [1] NCCL INFO Trees [0] 2/-1/-1->1->0 [1] 2/-1/-1->1->0 [2] 2/-1/-1->1->0 [3] 2/-1/-1->1->0
jscs-backuppool-5090test-091606:258304:258573 [6] NCCL INFO P2P Chunksize set to 131072
jscs-backuppool-5090test-091606:258304:258567 [0] NCCL INFO P2P Chunksize set to 131072
jscs-backuppool-5090test-091606:258304:258570 [3] NCCL INFO P2P Chunksize set to 131072
jscs-backuppool-5090test-091606:258304:258567 [0] NCCL INFO Check P2P Type isAllDirectP2p 0 directMode 1
jscs-backuppool-5090test-091606:258304:258568 [1] NCCL INFO P2P Chunksize set to 131072
jscs-backuppool-5090test-091606:258304:258572 [5] NCCL INFO PROFILER/Plugin: Could not find: libnccl-profiler.so. 
jscs-backuppool-5090test-091606:258304:258812 [2] NCCL INFO [Proxy Service] Device 2 CPU core 123
jscs-backuppool-5090test-091606:258304:258813 [1] NCCL INFO [Proxy Service] Device 1 CPU core 1
jscs-backuppool-5090test-091606:258304:258571 [4] NCCL INFO PROFILER/Plugin: Could not find: libnccl-profiler.so. 
jscs-backuppool-5090test-091606:258304:258811 [7] NCCL INFO [Proxy Service] Device 7 CPU core 171
jscs-backuppool-5090test-091606:258304:258815 [1] NCCL INFO [Proxy Service UDS] Device 1 CPU core 2
jscs-backuppool-5090test-091606:258304:258814 [2] NCCL INFO [Proxy Service UDS] Device 2 CPU core 29
jscs-backuppool-5090test-091606:258304:258820 [7] NCCL INFO [Proxy Service UDS] Device 7 CPU core 172
jscs-backuppool-5090test-091606:258304:258817 [3] NCCL INFO [Proxy Service] Device 3 CPU core 30
jscs-backuppool-5090test-091606:258304:258816 [5] NCCL INFO [Proxy Service] Device 5 CPU core 56
jscs-backuppool-5090test-091606:258304:258819 [6] NCCL INFO [Proxy Service] Device 6 CPU core 59
jscs-backuppool-5090test-091606:258304:258822 [0] NCCL INFO [Proxy Service UDS] Device 0 CPU core 113
jscs-backuppool-5090test-091606:258304:258818 [0] NCCL INFO [Proxy Service] Device 0 CPU core 112
jscs-backuppool-5090test-091606:258304:258825 [6] NCCL INFO [Proxy Service UDS] Device 6 CPU core 67
jscs-backuppool-5090test-091606:258304:258823 [4] NCCL INFO [Proxy Service] Device 4 CPU core 66
jscs-backuppool-5090test-091606:258304:258826 [4] NCCL INFO [Proxy Service UDS] Device 4 CPU core 68
jscs-backuppool-5090test-091606:258304:258821 [5] NCCL INFO [Proxy Service UDS] Device 5 CPU core 65
jscs-backuppool-5090test-091606:258304:258824 [3] NCCL INFO [Proxy Service UDS] Device 3 CPU core 127
jscs-backuppool-5090test-091606:258304:258569 [2] NCCL INFO threadThresholds 8/8/64 | 64/8/64 | 512 | 512
jscs-backuppool-5090test-091606:258304:258569 [2] NCCL INFO 4 coll channels, 4 collnet channels, 0 nvls channels, 4 p2p channels, 2 p2p channels per peer
jscs-backuppool-5090test-091606:258304:258570 [3] NCCL INFO threadThresholds 8/8/64 | 64/8/64 | 512 | 512
jscs-backuppool-5090test-091606:258304:258570 [3] NCCL INFO 4 coll channels, 4 collnet channels, 0 nvls channels, 4 p2p channels, 2 p2p channels per peer
jscs-backuppool-5090test-091606:258304:258571 [4] NCCL INFO threadThresholds 8/8/64 | 64/8/64 | 512 | 512
jscs-backuppool-5090test-091606:258304:258571 [4] NCCL INFO 4 coll channels, 4 collnet channels, 0 nvls channels, 4 p2p channels, 2 p2p channels per peer
jscs-backuppool-5090test-091606:258304:258567 [0] NCCL INFO threadThresholds 8/8/64 | 64/8/64 | 512 | 512
jscs-backuppool-5090test-091606:258304:258567 [0] NCCL INFO 4 coll channels, 4 collnet channels, 0 nvls channels, 4 p2p channels, 2 p2p channels per peer
jscs-backuppool-5090test-091606:258304:258572 [5] NCCL INFO threadThresholds 8/8/64 | 64/8/64 | 512 | 512
jscs-backuppool-5090test-091606:258304:258572 [5] NCCL INFO 4 coll channels, 4 collnet channels, 0 nvls channels, 4 p2p channels, 2 p2p channels per peer
jscs-backuppool-5090test-091606:258304:258568 [1] NCCL INFO threadThresholds 8/8/64 | 64/8/64 | 512 | 512
jscs-backuppool-5090test-091606:258304:258568 [1] NCCL INFO 4 coll channels, 4 collnet channels, 0 nvls channels, 4 p2p channels, 2 p2p channels per peer
jscs-backuppool-5090test-091606:258304:258567 [0] NCCL INFO CC Off, workFifoBytes 1048576
jscs-backuppool-5090test-091606:258304:258573 [6] NCCL INFO threadThresholds 8/8/64 | 64/8/64 | 512 | 512
jscs-backuppool-5090test-091606:258304:258573 [6] NCCL INFO 4 coll channels, 4 collnet channels, 0 nvls channels, 4 p2p channels, 2 p2p channels per peer
jscs-backuppool-5090test-091606:258304:258574 [7] NCCL INFO threadThresholds 8/8/64 | 64/8/64 | 512 | 512
jscs-backuppool-5090test-091606:258304:258574 [7] NCCL INFO 4 coll channels, 4 collnet channels, 0 nvls channels, 4 p2p channels, 2 p2p channels per peer
jscs-backuppool-5090test-091606:258304:258571 [4] NCCL INFO TUNER/Plugin: Could not find: libnccl-tuner.so. Using internal tuner plugin.
jscs-backuppool-5090test-091606:258304:258571 [4] NCCL INFO ncclCommInitAll comm 0x55eae40fe570 rank 4 nranks 8 cudaDev 4 nvmlDev 4 busId 98000 commId 0x6c20bb3d92e21b5c - Init COMPLETE
jscs-backuppool-5090test-091606:258304:258571 [4] NCCL INFO Init timings - ncclCommInitAll: rank 4 nranks 8 total 0.88 (kernels 0.59, alloc 0.08, bootstrap 0.00, allgathers 0.13, topo 0.03, graphs 0.02, connections 0.01, rest 0.00)
jscs-backuppool-5090test-091606:258304:258573 [6] NCCL INFO ncclCommInitAll comm 0x55eae5d4b550 rank 6 nranks 8 cudaDev 6 nvmlDev 6 busId b8000 commId 0x6c20bb3d92e21b5c - Init COMPLETE
jscs-backuppool-5090test-091606:258304:258567 [0] NCCL INFO ncclCommInitAll comm 0x55eae08e37b0 rank 0 nranks 8 cudaDev 0 nvmlDev 0 busId 27000 commId 0x6c20bb3d92e21b5c - Init COMPLETE
jscs-backuppool-5090test-091606:258304:258567 [0] NCCL INFO Init timings - ncclCommInitAll: rank 0 nranks 8 total 0.88 (kernels 0.59, alloc 0.08, bootstrap 0.00, allgathers 0.13, topo 0.03, graphs 0.02, connections 0.01, rest 0.00)
jscs-backuppool-5090test-091606:258304:258573 [6] NCCL INFO Init timings - ncclCommInitAll: rank 6 nranks 8 total 0.88 (kernels 0.59, alloc 0.08, bootstrap 0.00, allgathers 0.13, topo 0.03, graphs 0.03, connections 0.01, rest 0.00)
jscs-backuppool-5090test-091606:258304:258572 [5] NCCL INFO ncclCommInitAll comm 0x55eae4f1fa30 rank 5 nranks 8 cudaDev 5 nvmlDev 5 busId a8000 commId 0x6c20bb3d92e21b5c - Init COMPLETE
jscs-backuppool-5090test-091606:258304:258572 [5] NCCL INFO Init timings - ncclCommInitAll: rank 5 nranks 8 total 0.88 (kernels 0.59, alloc 0.08, bootstrap 0.00, allgathers 0.13, topo 0.03, graphs 0.02, connections 0.01, rest 0.00)
jscs-backuppool-5090test-091606:258304:258569 [2] NCCL INFO ncclCommInitAll comm 0x55eae24dca60 rank 2 nranks 8 cudaDev 2 nvmlDev 2 busId 49000 commId 0x6c20bb3d92e21b5c - Init COMPLETE
jscs-backuppool-5090test-091606:258304:258570 [3] NCCL INFO ncclCommInitAll comm 0x55eae32e7d90 rank 3 nranks 8 cudaDev 3 nvmlDev 3 busId 5a000 commId 0x6c20bb3d92e21b5c - Init COMPLETE
jscs-backuppool-5090test-091606:258304:258568 [1] NCCL INFO ncclCommInitAll comm 0x55eae16dc4c0 rank 1 nranks 8 cudaDev 1 nvmlDev 1 busId 38000 commId 0x6c20bb3d92e21b5c - Init COMPLETE
jscs-backuppool-5090test-091606:258304:258568 [1] NCCL INFO Init timings - ncclCommInitAll: rank 1 nranks 8 total 0.88 (kernels 0.59, alloc 0.08, bootstrap 0.12, allgathers 0.02, topo 0.04, graphs 0.02, connections 0.01, rest 0.00)
jscs-backuppool-5090test-091606:258304:258570 [3] NCCL INFO Init timings - ncclCommInitAll: rank 3 nranks 8 total 0.88 (kernels 0.59, alloc 0.08, bootstrap 0.12, allgathers 0.00, topo 0.03, graphs 0.03, connections 0.01, rest 0.00)
jscs-backuppool-5090test-091606:258304:258574 [7] NCCL INFO ncclCommInitAll comm 0x55eae6b82750 rank 7 nranks 8 cudaDev 7 nvmlDev 7 busId c8000 commId 0x6c20bb3d92e21b5c - Init COMPLETE
jscs-backuppool-5090test-091606: